Archive member included to satisfy reference by file (symbol)

/usr/lib/gcc/arm-none-eabi/4.8/../../../arm-none-eabi/lib/armv7e-m/libg.a(lib_a-errno.o)
                              ./system/src/newlib/_sbrk.o (__errno)
/usr/lib/gcc/arm-none-eabi/4.8/../../../arm-none-eabi/lib/armv7e-m/libg.a(lib_a-impure.o)
                              /usr/lib/gcc/arm-none-eabi/4.8/../../../arm-none-eabi/lib/armv7e-m/libg.a(lib_a-errno.o) (_impure_ptr)
/usr/lib/gcc/arm-none-eabi/4.8/../../../arm-none-eabi/lib/armv7e-m/libg.a(lib_a-memcmp.o)
                              ./src/LwIP/etharp.o (memcmp)
/usr/lib/gcc/arm-none-eabi/4.8/../../../arm-none-eabi/lib/armv7e-m/libg.a(lib_a-memcpy.o)
                              ./src/port/porttcp.o (memcpy)
/usr/lib/gcc/arm-none-eabi/4.8/../../../arm-none-eabi/lib/armv7e-m/libg.a(lib_a-memset.o)
                              ./system/src/stm32f4/stm32f4xx_cryp_aes.o (memset)
/usr/lib/gcc/arm-none-eabi/4.8/../../../arm-none-eabi/lib/armv7e-m/libg.a(lib_a-strchr.o)
                              ./src/httpd.o (strchr)
/usr/lib/gcc/arm-none-eabi/4.8/../../../arm-none-eabi/lib/armv7e-m/libg.a(lib_a-strcmp.o)
                              ./src/fs.o (strcmp)
/usr/lib/gcc/arm-none-eabi/4.8/../../../arm-none-eabi/lib/armv7e-m/libg.a(lib_a-strlen.o)
                              ./src/LwIP/pbuf.o (strlen)
/usr/lib/gcc/arm-none-eabi/4.8/../../../arm-none-eabi/lib/armv7e-m/libg.a(lib_a-strncmp.o)
                              ./src/httpd.o (strncmp)
/usr/lib/gcc/arm-none-eabi/4.8/../../../arm-none-eabi/lib/armv7e-m/libg.a(lib_a-strstr.o)
                              ./src/httpd.o (strstr)
/usr/lib/gcc/arm-none-eabi/4.8/../../../arm-none-eabi/lib/armv7e-m/libg.a(lib_a-memchr-stub.o)
                              /usr/lib/gcc/arm-none-eabi/4.8/../../../arm-none-eabi/lib/armv7e-m/libg.a(lib_a-strstr.o) (memchr)

Allocating common symbols
Common symbol       size              file

current_iphdr_src   0x4               ./src/LwIP/ip.o
pxMBFrameCBTransmitterEmpty
                    0x4               ./src/Modbus/mb.o
netif_list          0x4               ./src/LwIP/netif.o
RX_Frame_Descriptor
                    0xc               ./src/ETH_Driver/stm32f4x7_eth.o
ADC_Page_SSI_Handler
                    0x4               ./src/httpd_cgi_ssi.o
pxMBPortCBTimerExpired
                    0x4               ./src/Modbus/mb.o
GPIO_InitDef        0x8               ./src/main.o
tcp_active_pcbs_changed
                    0x1               ./src/LwIP/tcp.o
tcp_active_pcbs     0x4               ./src/LwIP/tcp.o
udp_pcbs            0x4               ./src/LwIP/udp.o
errno               0x4               ./system/src/newlib/_syscalls.o
current_netif       0x4               ./src/LwIP/ip.o
tcp_ticks           0x4               ./src/LwIP/tcp.o
tcp_listen_pcbs     0x4               ./src/LwIP/tcp.o
ETH_InitStructure   0xbc              ./src/stm32f4x7_eth_bsp.o
DMARxDescToGet      0x4               ./src/ETH_Driver/stm32f4x7_eth.o
USART_InitStruct    0x10              ./src/main.o
current_iphdr_dest  0x4               ./src/LwIP/ip.o
gnetif              0x38              ./src/netconf.o
ucRTUBuf            0x100             ./src/Modbus/mbrtu.o
DMATxDescToSet      0x4               ./src/ETH_Driver/stm32f4x7_eth.o
tcp_tmp_pcb         0x4               ./src/LwIP/tcp.o
tcp_input_pcb       0x4               ./src/LwIP/tcp_in.o
DMATxDscrTab        0x80              ./src/ETH_Driver/stm32f4x7_eth.o
current_header      0x4               ./src/LwIP/ip.o
pxMBFrameCBByteReceived
                    0x4               ./src/Modbus/mb.o
Rx_Buff             0x17d0            ./src/ETH_Driver/stm32f4x7_eth.o
dhcp_rx_options_given
                    0xa               ./src/LwIP/dhcp.o
tcp_bound_pcbs      0x4               ./src/LwIP/tcp.o
pxMBFrameCBTransmitFSMCur
                    0x4               ./src/Modbus/mb.o
Frame_Rx_index      0x4               ./src/ETH_Driver/stm32f4x7_eth.o
fs_memory           0xf0              ./src/fs.o
DMA_RX_FRAME_infos  0x4               ./src/ETH_Driver/stm32f4x7_eth.o
DMARxDscrTab        0x80              ./src/ETH_Driver/stm32f4x7_eth.o
pxMBFrameCBReceiveFSMCur
                    0x4               ./src/Modbus/mb.o
tcp_tw_pcbs         0x4               ./src/LwIP/tcp.o
netif_default       0x4               ./src/LwIP/netif.o
dhcp_rx_options_val
                    0x28              ./src/LwIP/dhcp.o
ram_heap            0x2814            ./src/LwIP/mem.o
timingdelay         0x4               ./src/main.o
CGI_TAB             0x8               ./src/httpd_cgi_ssi.o
Tx_Buff             0x17d0            ./src/ETH_Driver/stm32f4x7_eth.o
eMBCurrentMode      0x1               ./src/port/portevent.o

Discarded input sections

 .text          0x0000000000000000        0x0 ./system/src/stm32f4/misc.o
 .data          0x0000000000000000        0x0 ./system/src/stm32f4/misc.o
 .bss           0x0000000000000000        0x0 ./system/src/stm32f4/misc.o
 .text.NVIC_PriorityGroupConfig
[...]
Memory Configuration

Name             Origin             Length             Attributes
RAM              0x0000000020000000 0x0000000000020000 xrw
CCMRAM           0x0000000010000000 0x0000000000010000 xrw
FLASH            0x0000000008000000 0x0000000000100000 xr
FLASHB1          0x0000000000000000 0x0000000000000000 xr
EXTMEMB0         0x0000000000000000 0x0000000000000000 xr
EXTMEMB1         0x0000000000000000 0x0000000000000000 xr
EXTMEMB2         0x0000000000000000 0x0000000000000000 xr
EXTMEMB3         0x0000000000000000 0x0000000000000000 xr
MEMORY_ARRAY     0x0000000020002000 0x0000000000000020 xrw
*default*        0x0000000000000000 0xffffffffffffffff

Linker script and memory map

LOAD ./system/src/stm32f4/misc.o
LOAD ./system/src/stm32f4/stm32f4xx_adc.o
LOAD ./system/src/stm32f4/stm32f4xx_can.o
LOAD ./system/src/stm32f4/stm32f4xx_cec.o
LOAD ./system/src/stm32f4/stm32f4xx_crc.o
LOAD ./system/src/stm32f4/stm32f4xx_cryp.o
LOAD ./system/src/stm32f4/stm32f4xx_cryp_aes.o
LOAD ./system/src/stm32f4/stm32f4xx_cryp_des.o
LOAD ./system/src/stm32f4/stm32f4xx_cryp_tdes.o
LOAD ./system/src/stm32f4/stm32f4xx_dac.o
LOAD ./system/src/stm32f4/stm32f4xx_dbgmcu.o
LOAD ./system/src/stm32f4/stm32f4xx_dcmi.o
LOAD ./system/src/stm32f4/stm32f4xx_dma.o
LOAD ./system/src/stm32f4/stm32f4xx_dma2d.o
LOAD ./system/src/stm32f4/stm32f4xx_dsi.o
LOAD ./system/src/stm32f4/stm32f4xx_exti.o
LOAD ./system/src/stm32f4/stm32f4xx_flash.o
LOAD ./system/src/stm32f4/stm32f4xx_flash_ramfunc.o
LOAD ./system/src/stm32f4/stm32f4xx_fmpi2c.o
LOAD ./system/src/stm32f4/stm32f4xx_fsmc.o
LOAD ./system/src/stm32f4/stm32f4xx_gpio.o
LOAD ./system/src/stm32f4/stm32f4xx_hash.o
LOAD ./system/src/stm32f4/stm32f4xx_hash_md5.o
LOAD ./system/src/stm32f4/stm32f4xx_hash_sha1.o
LOAD ./system/src/stm32f4/stm32f4xx_i2c.o
LOAD ./system/src/stm32f4/stm32f4xx_iwdg.o
LOAD ./system/src/stm32f4/stm32f4xx_lptim.o
LOAD ./system/src/stm32f4/stm32f4xx_ltdc.o
LOAD ./system/src/stm32f4/stm32f4xx_pwr.o
LOAD ./system/src/stm32f4/stm32f4xx_qspi.o
LOAD ./system/src/stm32f4/stm32f4xx_rcc.o
LOAD ./system/src/stm32f4/stm32f4xx_rng.o
LOAD ./system/src/stm32f4/stm32f4xx_rtc.o
LOAD ./system/src/stm32f4/stm32f4xx_sai.o
LOAD ./system/src/stm32f4/stm32f4xx_sdio.o
LOAD ./system/src/stm32f4/stm32f4xx_spdifrx.o
LOAD ./system/src/stm32f4/stm32f4xx_spi.o
LOAD ./system/src/stm32f4/stm32f4xx_syscfg.o
LOAD ./system/src/stm32f4/stm32f4xx_tim.o
LOAD ./system/src/stm32f4/stm32f4xx_usart.o
LOAD ./system/src/stm32f4/stm32f4xx_wwdg.o
LOAD ./system/src/newlib/_cxx.o
LOAD ./system/src/newlib/_exit.o
LOAD ./system/src/newlib/_sbrk.o
LOAD ./system/src/newlib/_startup.o
LOAD ./system/src/newlib/_syscalls.o
LOAD ./system/src/newlib/assert.o
LOAD ./system/src/diag/Trace.o
LOAD ./system/src/diag/trace_impl.o
LOAD ./system/src/cortexm/_initialize_hardware.o
LOAD ./system/src/cortexm/_reset_hardware.o
LOAD ./system/src/cortexm/exception_handlers.o
LOAD ./system/src/cmsis/system_stm32f4xx.o
LOAD ./system/src/cmsis/vectors_stm32f4xx.o
LOAD ./src/port/portevent.o
LOAD ./src/port/portevent_m.o
LOAD ./src/port/portother.o
LOAD ./src/port/portserial.o
LOAD ./src/port/portserial_m.o
LOAD ./src/port/porttcp.o
LOAD ./src/port/porttimer.o
LOAD ./src/port/porttimer_m.o
LOAD ./src/Modbus/mb.o
LOAD ./src/Modbus/mbascii.o
LOAD ./src/Modbus/mbcrc.o
LOAD ./src/Modbus/mbfunccoils.o
LOAD ./src/Modbus/mbfuncdiag.o
LOAD ./src/Modbus/mbfuncdisc.o
LOAD ./src/Modbus/mbfuncholding.o
LOAD ./src/Modbus/mbfuncinput.o
LOAD ./src/Modbus/mbfuncother.o
LOAD ./src/Modbus/mbrtu.o
LOAD ./src/Modbus/mbtcp.o
LOAD ./src/Modbus/mbutils.o
LOAD ./src/LwIP/api_lib.o
LOAD ./src/LwIP/api_msg.o
LOAD ./src/LwIP/autoip.o
LOAD ./src/LwIP/def.o
LOAD ./src/LwIP/dhcp.o
LOAD ./src/LwIP/dns.o
LOAD ./src/LwIP/err.o
LOAD ./src/LwIP/etharp.o
LOAD ./src/LwIP/ethernetif.o
LOAD ./src/LwIP/icmp.o
LOAD ./src/LwIP/igmp.o
LOAD ./src/LwIP/inet.o
LOAD ./src/LwIP/inet_chksum.o
LOAD ./src/LwIP/init.o
LOAD ./src/LwIP/ip.o
LOAD ./src/LwIP/ip_addr.o
LOAD ./src/LwIP/ip_frag.o
LOAD ./src/LwIP/mem.o
LOAD ./src/LwIP/memp.o
LOAD ./src/LwIP/netbuf.o
LOAD ./src/LwIP/netdb.o
LOAD ./src/LwIP/netif.o
LOAD ./src/LwIP/netifapi.o
LOAD ./src/LwIP/pbuf.o
LOAD ./src/LwIP/raw.o
LOAD ./src/LwIP/sockets.o
LOAD ./src/LwIP/stats.o
LOAD ./src/LwIP/sys.o
LOAD ./src/LwIP/tcp.o
LOAD ./src/LwIP/tcp_in.o
LOAD ./src/LwIP/tcp_out.o
LOAD ./src/LwIP/tcpip.o
LOAD ./src/LwIP/timers.o
LOAD ./src/LwIP/udp.o
LOAD ./src/ETH_Driver/stm32f4x7_eth.o
LOAD ./src/fs.o
LOAD ./src/fsdata.o
LOAD ./src/httpd.o
LOAD ./src/httpd_cgi_ssi.o
LOAD ./src/main.o
LOAD ./src/netconf.o
LOAD ./src/stm32f4x7_eth_bsp.o
LOAD ./src/stm32f4xx_it.o
LOAD /usr/lib/gcc/arm-none-eabi/4.8/../../../arm-none-eabi/lib/armv7e-m/libstdc++.a
LOAD /usr/lib/gcc/arm-none-eabi/4.8/../../../arm-none-eabi/lib/armv7e-m/libm.a
START GROUP
LOAD /usr/lib/gcc/arm-none-eabi/4.8/armv7e-m/libgcc.a
LOAD /usr/lib/gcc/arm-none-eabi/4.8/../../../arm-none-eabi/lib/armv7e-m/libg.a
LOAD /usr/lib/gcc/arm-none-eabi/4.8/../../../arm-none-eabi/lib/armv7e-m/libc.a
END GROUP
                0x0000000020020000                __stack = (ORIGIN (RAM) + 0x20000)
                0x0000000020020000                _estack = __stack
                0x0000000000000400                __Main_Stack_Size = 0x400
                0x0000000000000400                PROVIDE (_Main_Stack_Size, __Main_Stack_Size)
                0x000000002001fc00                __Main_Stack_Limit = (__stack - __Main_Stack_Size)
                0x000000002001fc00                PROVIDE (_Main_Stack_Limit, __Main_Stack_Limit)
                0x0000000000000100                _Minimum_Stack_Size = 0x100
                0x00000000200088fc                PROVIDE (_Heap_Begin, _end_noinit)
                0x000000002001fc00                PROVIDE (_Heap_Limit, (__stack - __Main_Stack_Size))

.isr_vector     0x0000000008000000      0x2fe
 FILL mask 0xff
                0x0000000008000000                __vectors_start = ABSOLUTE (.)
                0x0000000008000000                __vectors_start__ = ABSOLUTE (.)
 *(.isr_vector)
 .isr_vector    0x0000000008000000      0x188 ./system/src/cmsis/vectors_stm32f4xx.o
                0x0000000008000000                __isr_vectors
 *(.cfmconfig)
 *(.after_vectors .after_vectors.*)
 .after_vectors
                0x0000000008000188       0xe8 ./system/src/newlib/_startup.o
                0x0000000008000188                _start
 .after_vectors
                0x0000000008000270       0x8c ./system/src/cortexm/exception_handlers.o
                0x0000000008000270                Reset_Handler
                0x000000000800028a                HardFault_Handler_C
                0x00000000080002ca                BusFault_Handler_C
                0x00000000080002e0                UsageFault_Handler_C
                0x00000000080002e2                SVC_Handler
                0x00000000080002e6                PendSV_Handler
 .after_vectors
                0x00000000080002fc        0x2 ./system/src/cmsis/vectors_stm32f4xx.o
                0x00000000080002fc                RTC_Alarm_IRQHandler
                0x00000000080002fc                HASH_RNG_IRQHandler
                0x00000000080002fc                EXTI2_IRQHandler
                0x00000000080002fc                TIM8_CC_IRQHandler
                0x00000000080002fc                TIM1_CC_IRQHandler
                0x00000000080002fc                DMA2_Stream5_IRQHandler
                0x00000000080002fc                DMA1_Stream5_IRQHandler
                0x00000000080002fc                PVD_IRQHandler
                0x00000000080002fc                SDIO_IRQHandler
                0x00000000080002fc                TAMP_STAMP_IRQHandler
                0x00000000080002fc                CAN2_RX1_IRQHandler
                0x00000000080002fc                EXTI3_IRQHandler
                0x00000000080002fc                TIM8_TRG_COM_TIM14_IRQHandler
                0x00000000080002fc                TIM1_UP_TIM10_IRQHandler
                0x00000000080002fc                TIM8_UP_TIM13_IRQHandler
                0x00000000080002fc                I2C3_ER_IRQHandler
                0x00000000080002fc                EXTI0_IRQHandler
                0x00000000080002fc                I2C2_EV_IRQHandler
                0x00000000080002fc                DMA1_Stream2_IRQHandler
                0x00000000080002fc                CAN1_RX0_IRQHandler
                0x00000000080002fc                FPU_IRQHandler
                0x00000000080002fc                OTG_HS_WKUP_IRQHandler
                0x00000000080002fc                CAN2_SCE_IRQHandler
                0x00000000080002fc                DMA2_Stream2_IRQHandler
                0x00000000080002fc                SPI1_IRQHandler
                0x00000000080002fc                TIM6_DAC_IRQHandler
                0x00000000080002fc                TIM1_BRK_TIM9_IRQHandler
                0x00000000080002fc                DCMI_IRQHandler
                0x00000000080002fc                CAN2_RX0_IRQHandler
                0x00000000080002fc                DMA2_Stream3_IRQHandler
                0x00000000080002fc                USART6_IRQHandler
                0x00000000080002fc                CAN1_RX1_IRQHandler
                0x00000000080002fc                UART5_IRQHandler
                0x00000000080002fc                DMA2_Stream0_IRQHandler
                0x00000000080002fc                TIM4_IRQHandler
                0x00000000080002fc                I2C1_EV_IRQHandler
                0x00000000080002fc                DMA1_Stream6_IRQHandler
                0x00000000080002fc                DMA1_Stream1_IRQHandler
                0x00000000080002fc                UART4_IRQHandler
                0x00000000080002fc                TIM3_IRQHandler
                0x00000000080002fc                RCC_IRQHandler
                0x00000000080002fc                TIM8_BRK_TIM12_IRQHandler
                0x00000000080002fc                Default_Handler
                0x00000000080002fc                ADC_IRQHandler
                0x00000000080002fc                DMA1_Stream7_IRQHandler
                0x00000000080002fc                TIM7_IRQHandler
                0x00000000080002fc                CAN2_TX_IRQHandler
                0x00000000080002fc                TIM5_IRQHandler
                0x00000000080002fc                DMA2_Stream7_IRQHandler
                0x00000000080002fc                I2C3_EV_IRQHandler
                0x00000000080002fc                EXTI9_5_IRQHandler
                0x00000000080002fc                RTC_WKUP_IRQHandler
                0x00000000080002fc                ETH_WKUP_IRQHandler
                0x00000000080002fc                SPI2_IRQHandler
                0x00000000080002fc                OTG_HS_EP1_IN_IRQHandler
                0x00000000080002fc                DMA1_Stream0_IRQHandler
                0x00000000080002fc                CAN1_TX_IRQHandler
                0x00000000080002fc                EXTI4_IRQHandler
                0x00000000080002fc                FSMC_IRQHandler
                0x00000000080002fc                ETH_IRQHandler
                0x00000000080002fc                OTG_HS_EP1_OUT_IRQHandler
                0x00000000080002fc                WWDG_IRQHandler
                0x00000000080002fc                OTG_FS_WKUP_IRQHandler
                0x00000000080002fc                TIM1_TRG_COM_TIM11_IRQHandler
                0x00000000080002fc                OTG_HS_IRQHandler
                0x00000000080002fc                EXTI1_IRQHandler
                0x00000000080002fc                USART2_IRQHandler
                0x00000000080002fc                I2C2_ER_IRQHandler
                0x00000000080002fc                DMA2_Stream1_IRQHandler
                0x00000000080002fc                CAN1_SCE_IRQHandler
                0x00000000080002fc                FLASH_IRQHandler
                0x00000000080002fc                DMA2_Stream4_IRQHandler
                0x00000000080002fc                USART1_IRQHandler
                0x00000000080002fc                OTG_FS_IRQHandler
                0x00000000080002fc                SPI3_IRQHandler
                0x00000000080002fc                DMA1_Stream4_IRQHandler
                0x00000000080002fc                I2C1_ER_IRQHandler
                0x00000000080002fc                DMA2_Stream6_IRQHandler
                0x00000000080002fc                DMA1_Stream3_IRQHandler

.inits          0x0000000008000300       0x28
                0x0000000008000300                __data_regions_array_start = .
                0x0000000008000300        0x4 LONG 0x80150d8 LOADADDR (.data)
                0x0000000008000304        0x4 LONG 0x20000000 ADDR (.data)
                0x0000000008000308        0x4 LONG 0x200000e0 (ADDR (.data) + SIZEOF (.data))
                0x000000000800030c        0x4 LONG 0x80150d8 LOADADDR (.data_CCMRAM)
                0x0000000008000310        0x4 LONG 0x10000000 ADDR (.data_CCMRAM)
                0x0000000008000314        0x4 LONG 0x10000000 (ADDR (.data_CCMRAM) + SIZEOF (.data_CCMRAM))
                0x0000000008000318                __data_regions_array_end = .
                0x0000000008000318                __bss_regions_array_start = .
                0x0000000008000318        0x4 LONG 0x200000e0 ADDR (.bss)
                0x000000000800031c        0x4 LONG 0x200088fc (ADDR (.bss) + SIZEOF (.bss))
                0x0000000008000320        0x4 LONG 0x10000000 ADDR (.bss_CCMRAM)
                0x0000000008000324        0x4 LONG 0x10000000 (ADDR (.bss_CCMRAM) + SIZEOF (.bss_CCMRAM))
                0x0000000008000328                __bss_regions_array_end = .
 *(.init)
 *(.fini)
                0x0000000008000328                . = ALIGN (0x4)
                0x0000000008000328                PROVIDE (__preinit_array_start, .)
 *(.preinit_array_sysinit .preinit_array_sysinit.*)
 *(.preinit_array_platform .preinit_array_platform.*)
 *(.preinit_array .preinit_array.*)
                0x0000000008000328                PROVIDE (__preinit_array_end, .)
                0x0000000008000328                . = ALIGN (0x4)
                0x0000000008000328                PROVIDE (__init_array_start, .)
 *(SORT(.init_array.*))
 *(.init_array)
                0x0000000008000328                PROVIDE (__init_array_end, .)
                0x0000000008000328                . = ALIGN (0x4)
                0x0000000008000328                PROVIDE (__fini_array_start, .)
 *(SORT(.fini_array.*))
 *(.fini_array)
                0x0000000008000328                PROVIDE (__fini_array_end, .)

.flashtext
 *(.flashtext .flashtext.*)

.text           0x0000000008000340    0x14d98
 *(.text .text.*)
 .text.NVIC_Init
                0x0000000008000340       0x6c ./system/src/stm32f4/misc.o
                0x0000000008000340                NVIC_Init
 .text.SysTick_CLKSourceConfig
                0x00000000080003ac       0x18 ./system/src/stm32f4/misc.o
                0x00000000080003ac                SysTick_CLKSourceConfig
 .text.EXTI_Init
                0x00000000080003c4       0x74 ./system/src/stm32f4/stm32f4xx_exti.o
                0x00000000080003c4                EXTI_Init
 .text.EXTI_GetITStatus
                0x0000000008000438       0x14 ./system/src/stm32f4/stm32f4xx_exti.o
                0x0000000008000438                EXTI_GetITStatus
 .text.EXTI_ClearITPendingBit
                0x000000000800044c        0xc ./system/src/stm32f4/stm32f4xx_exti.o
                0x000000000800044c                EXTI_ClearITPendingBit
 .text.GPIO_Init
                0x0000000008000458       0x80 ./system/src/stm32f4/stm32f4xx_gpio.o
                0x0000000008000458                GPIO_Init
 .text.GPIO_StructInit
                0x00000000080004d8       0x12 ./system/src/stm32f4/stm32f4xx_gpio.o
                0x00000000080004d8                GPIO_StructInit
 .text.GPIO_SetBits
                0x00000000080004ea        0x4 ./system/src/stm32f4/stm32f4xx_gpio.o
                0x00000000080004ea                GPIO_SetBits
 .text.GPIO_ResetBits
                0x00000000080004ee        0x4 ./system/src/stm32f4/stm32f4xx_gpio.o
                0x00000000080004ee                GPIO_ResetBits
 .text.GPIO_PinAFConfig
                0x00000000080004f2       0x24 ./system/src/stm32f4/stm32f4xx_gpio.o
                0x00000000080004f2                GPIO_PinAFConfig
 *fill*         0x0000000008000516        0x2 
 .text.RCC_GetClocksFreq
                0x0000000008000518       0x88 ./system/src/stm32f4/stm32f4xx_rcc.o
                0x0000000008000518                RCC_GetClocksFreq
 .text.RCC_AHB1PeriphClockCmd
                0x00000000080005a0       0x18 ./system/src/stm32f4/stm32f4xx_rcc.o
                0x00000000080005a0                RCC_AHB1PeriphClockCmd
 .text.RCC_APB1PeriphClockCmd
                0x00000000080005b8       0x18 ./system/src/stm32f4/stm32f4xx_rcc.o
                0x00000000080005b8                RCC_APB1PeriphClockCmd
 .text.RCC_APB2PeriphClockCmd
                0x00000000080005d0       0x18 ./system/src/stm32f4/stm32f4xx_rcc.o
                0x00000000080005d0                RCC_APB2PeriphClockCmd
 .text.RCC_AHB1PeriphResetCmd
                0x00000000080005e8       0x18 ./system/src/stm32f4/stm32f4xx_rcc.o
                0x00000000080005e8                RCC_AHB1PeriphResetCmd
 .text.RCC_APB1PeriphResetCmd
                0x0000000008000600       0x18 ./system/src/stm32f4/stm32f4xx_rcc.o
                0x0000000008000600                RCC_APB1PeriphResetCmd
 .text.RCC_APB2PeriphResetCmd
                0x0000000008000618       0x18 ./system/src/stm32f4/stm32f4xx_rcc.o
                0x0000000008000618                RCC_APB2PeriphResetCmd
 .text.SYSCFG_EXTILineConfig
                0x0000000008000630       0x2a ./system/src/stm32f4/stm32f4xx_syscfg.o
                0x0000000008000630                SYSCFG_EXTILineConfig
 *fill*         0x000000000800065a        0x2 
 .text.SYSCFG_ETH_MediaInterfaceConfig
                0x000000000800065c        0xc ./system/src/stm32f4/stm32f4xx_syscfg.o
                0x000000000800065c                SYSCFG_ETH_MediaInterfaceConfig
 .text.TIM_TimeBaseInit
                0x0000000008000668       0x7c ./system/src/stm32f4/stm32f4xx_tim.o
                0x0000000008000668                TIM_TimeBaseInit
 .text.TIM_TimeBaseStructInit
                0x00000000080006e4       0x12 ./system/src/stm32f4/stm32f4xx_tim.o
                0x00000000080006e4                TIM_TimeBaseStructInit
 .text.TIM_SetCounter
                0x00000000080006f6        0x4 ./system/src/stm32f4/stm32f4xx_tim.o
                0x00000000080006f6                TIM_SetCounter
 .text.TIM_Cmd  0x00000000080006fa       0x18 ./system/src/stm32f4/stm32f4xx_tim.o
                0x00000000080006fa                TIM_Cmd
 .text.TIM_ITConfig
                0x0000000008000712       0x12 ./system/src/stm32f4/stm32f4xx_tim.o
                0x0000000008000712                TIM_ITConfig
 .text.TIM_GetITStatus
                0x0000000008000724       0x16 ./system/src/stm32f4/stm32f4xx_tim.o
                0x0000000008000724                TIM_GetITStatus
 .text.TIM_ClearITPendingBit
                0x000000000800073a        0x8 ./system/src/stm32f4/stm32f4xx_tim.o
                0x000000000800073a                TIM_ClearITPendingBit
 *fill*         0x0000000008000742        0x2 
 .text.USART_DeInit
                0x0000000008000744       0xdc ./system/src/stm32f4/stm32f4xx_usart.o
                0x0000000008000744                USART_DeInit
 .text.USART_Init
                0x0000000008000820       0xb0 ./system/src/stm32f4/stm32f4xx_usart.o
                0x0000000008000820                USART_Init
 .text.USART_ClockInit
                0x00000000080008d0       0x20 ./system/src/stm32f4/stm32f4xx_usart.o
                0x00000000080008d0                USART_ClockInit
 .text.USART_ClockStructInit
                0x00000000080008f0        0xc ./system/src/stm32f4/stm32f4xx_usart.o
                0x00000000080008f0                USART_ClockStructInit
 .text.USART_Cmd
                0x00000000080008fc       0x18 ./system/src/stm32f4/stm32f4xx_usart.o
                0x00000000080008fc                USART_Cmd
 .text.USART_SendData
                0x0000000008000914        0x8 ./system/src/stm32f4/stm32f4xx_usart.o
                0x0000000008000914                USART_SendData
 .text.USART_ReceiveData
                0x000000000800091c        0x8 ./system/src/stm32f4/stm32f4xx_usart.o
                0x000000000800091c                USART_ReceiveData
 .text.USART_ITConfig
                0x0000000008000924       0x30 ./system/src/stm32f4/stm32f4xx_usart.o
                0x0000000008000924                USART_ITConfig
 .text.USART_GetITStatus
                0x0000000008000954       0x40 ./system/src/stm32f4/stm32f4xx_usart.o
                0x0000000008000954                USART_GetITStatus
 .text.USART_ClearITPendingBit
                0x0000000008000994        0xe ./system/src/stm32f4/stm32f4xx_usart.o
                0x0000000008000994                USART_ClearITPendingBit
 .text._exit    0x00000000080009a2        0x6 ./system/src/newlib/_exit.o
                0x00000000080009a2                _exit
 .text.__initialize_args
                0x00000000080009a8       0x10 ./system/src/newlib/_syscalls.o
                0x00000000080009a8                __initialize_args
 .text.__initialize_hardware_early
                0x00000000080009b8        0x4 ./system/src/cortexm/_initialize_hardware.o
                0x00000000080009b8                __initialize_hardware_early
 .text.__initialize_hardware
                0x00000000080009bc        0x4 ./system/src/cortexm/_initialize_hardware.o
                0x00000000080009bc                __initialize_hardware
 .text.__reset_hardware
                0x00000000080009c0       0x20 ./system/src/cortexm/_reset_hardware.o
                0x00000000080009c0                __reset_hardware
 .text.isSemihosting
                0x00000000080009e0       0x1c ./system/src/cortexm/exception_handlers.o
                0x00000000080009e0                isSemihosting
 .text.SystemInit
                0x00000000080009fc       0xec ./system/src/cmsis/system_stm32f4xx.o
                0x00000000080009fc                SystemInit
 .text.SystemCoreClockUpdate
                0x0000000008000ae8       0x74 ./system/src/cmsis/system_stm32f4xx.o
                0x0000000008000ae8                SystemCoreClockUpdate
 .text.xMBPortEventInit
                0x0000000008000b5c       0x10 ./src/port/portevent.o
                0x0000000008000b5c                xMBPortEventInit
 .text.xMBPortEventPost
                0x0000000008000b6c       0x18 ./src/port/portevent.o
                0x0000000008000b6c                xMBPortEventPost
 .text.xMBPortEventGet
                0x0000000008000b84       0x24 ./src/port/portevent.o
                0x0000000008000b84                xMBPortEventGet
 .text.vMBPortSerialEnable
                0x0000000008000ba8       0x60 ./src/port/portserial.o
                0x0000000008000ba8                vMBPortSerialEnable
 .text.xMBPortSerialInit
                0x0000000008000c08      0x118 ./src/port/portserial.o
                0x0000000008000c08                xMBPortSerialInit
 .text.xMBPortSerialPutByte
                0x0000000008000d20       0x14 ./src/port/portserial.o
                0x0000000008000d20                xMBPortSerialPutByte
 .text.xMBPortSerialGetByte
                0x0000000008000d34       0x14 ./src/port/portserial.o
                0x0000000008000d34                xMBPortSerialGetByte
 .text.USART3_IRQHandler
                0x0000000008000d48       0x54 ./src/port/portserial.o
                0x0000000008000d48                USART3_IRQHandler
 .text.xMBTCPPortInit
                0x0000000008000d9c       0x4c ./src/port/porttcp.o
                0x0000000008000d9c                xMBTCPPortInit
 .text.prvvMBPortReleaseClient
                0x0000000008000de8       0x34 ./src/port/porttcp.o
                0x0000000008000de8                prvvMBPortReleaseClient
 .text.prvxMBTCPPortAccept
                0x0000000008000e1c       0x4c ./src/port/porttcp.o
 .text.prvvMBTCPPortError
                0x0000000008000e68        0x8 ./src/port/porttcp.o
 .text.prvxMBTCPPortReceive
                0x0000000008000e70       0x88 ./src/port/porttcp.o
 .text.vMBTCPPortDisable
                0x0000000008000ef8        0xc ./src/port/porttcp.o
                0x0000000008000ef8                vMBTCPPortDisable
 .text.xMBTCPPortGetRequest
                0x0000000008000f04       0x1c ./src/port/porttcp.o
                0x0000000008000f04                xMBTCPPortGetRequest
 .text.xMBTCPPortSendResponse
                0x0000000008000f20       0x30 ./src/port/porttcp.o
                0x0000000008000f20                xMBTCPPortSendResponse
 .text.xMBPortTimersInit
                0x0000000008000f50       0x72 ./src/port/porttimer.o
                0x0000000008000f50                xMBPortTimersInit
 .text.vMBPortTimersEnable
                0x0000000008000fc2       0x1a ./src/port/porttimer.o
                0x0000000008000fc2                vMBPortTimersEnable
 .text.vMBPortTimersDisable
                0x0000000008000fdc        0xa ./src/port/porttimer.o
                0x0000000008000fdc                vMBPortTimersDisable
 *fill*         0x0000000008000fe6        0x2 
 .text.TIM2_IRQHandler
                0x0000000008000fe8       0x24 ./src/port/porttimer.o
                0x0000000008000fe8                TIM2_IRQHandler
 .text.eMBInit  0x000000000800100c       0xb0 ./src/Modbus/mb.o
                0x000000000800100c                eMBInit
 .text.eMBTCPInit
                0x00000000080010bc       0x74 ./src/Modbus/mb.o
                0x00000000080010bc                eMBTCPInit
 .text.eMBEnable
                0x0000000008001130       0x24 ./src/Modbus/mb.o
                0x0000000008001130                eMBEnable
 .text.eMBPoll  0x0000000008001154      0x12c ./src/Modbus/mb.o
                0x0000000008001154                eMBPoll
 .text.usMBCRC16
                0x0000000008001280       0x30 ./src/Modbus/mbcrc.o
                0x0000000008001280                usMBCRC16
 .text.eMBFuncReadCoils
                0x00000000080012b0       0x6c ./src/Modbus/mbfunccoils.o
                0x00000000080012b0                eMBFuncReadCoils
 .text.eMBFuncWriteCoil
                0x000000000800131c       0x4c ./src/Modbus/mbfunccoils.o
                0x000000000800131c                eMBFuncWriteCoil
 .text.eMBFuncWriteMultipleCoils
                0x0000000008001368       0x58 ./src/Modbus/mbfunccoils.o
                0x0000000008001368                eMBFuncWriteMultipleCoils
 .text.eMBFuncReadDiscreteInputs
                0x00000000080013c0       0x6a ./src/Modbus/mbfuncdisc.o
                0x00000000080013c0                eMBFuncReadDiscreteInputs
 .text.eMBFuncWriteHoldingRegister
                0x000000000800142a       0x2e ./src/Modbus/mbfuncholding.o
                0x000000000800142a                eMBFuncWriteHoldingRegister
 .text.eMBFuncWriteMultipleHoldingRegister
                0x0000000008001458       0x4a ./src/Modbus/mbfuncholding.o
                0x0000000008001458                eMBFuncWriteMultipleHoldingRegister
 .text.eMBFuncReadHoldingRegister
                0x00000000080014a2       0x54 ./src/Modbus/mbfuncholding.o
                0x00000000080014a2                eMBFuncReadHoldingRegister
 .text.eMBFuncReadInputRegister
                0x00000000080014f6       0x58 ./src/Modbus/mbfuncinput.o
                0x00000000080014f6                eMBFuncReadInputRegister
 *fill*         0x000000000800154e        0x2 
 .text.eMBSetSlaveID
                0x0000000008001550       0x40 ./src/Modbus/mbfuncother.o
                0x0000000008001550                eMBSetSlaveID
 .text.eMBFuncReportSlaveID
                0x0000000008001590       0x24 ./src/Modbus/mbfuncother.o
                0x0000000008001590                eMBFuncReportSlaveID
 .text.eMBRTUInit
                0x00000000080015b4       0x40 ./src/Modbus/mbrtu.o
                0x00000000080015b4                eMBRTUInit
 .text.eMBRTUStart
                0x00000000080015f4       0x1c ./src/Modbus/mbrtu.o
                0x00000000080015f4                eMBRTUStart
 .text.eMBRTUStop
                0x0000000008001610       0x14 ./src/Modbus/mbrtu.o
                0x0000000008001610                eMBRTUStop
 .text.eMBRTUReceive
                0x0000000008001624       0x4c ./src/Modbus/mbrtu.o
                0x0000000008001624                eMBRTUReceive
 .text.eMBRTUSend
                0x0000000008001670       0x84 ./src/Modbus/mbrtu.o
                0x0000000008001670                eMBRTUSend
 .text.xMBRTUReceiveFSM
                0x00000000080016f4       0x78 ./src/Modbus/mbrtu.o
                0x00000000080016f4                xMBRTUReceiveFSM
 .text.xMBRTUTransmitFSM
                0x000000000800176c       0x70 ./src/Modbus/mbrtu.o
                0x000000000800176c                xMBRTUTransmitFSM
 .text.xMBRTUTimerT35Expired
                0x00000000080017dc       0x40 ./src/Modbus/mbrtu.o
                0x00000000080017dc                xMBRTUTimerT35Expired
 .text.eMBTCPDoInit
                0x000000000800181c       0x10 ./src/Modbus/mbtcp.o
                0x000000000800181c                eMBTCPDoInit
 .text.eMBTCPStart
                0x000000000800182c        0x2 ./src/Modbus/mbtcp.o
                0x000000000800182c                eMBTCPStart
 .text.eMBTCPStop
                0x000000000800182e        0x4 ./src/Modbus/mbtcp.o
                0x000000000800182e                eMBTCPStop
 .text.eMBTCPReceive
                0x0000000008001832       0x3e ./src/Modbus/mbtcp.o
                0x0000000008001832                eMBTCPReceive
 .text.eMBTCPSend
                0x0000000008001870       0x22 ./src/Modbus/mbtcp.o
                0x0000000008001870                eMBTCPSend
 *fill*         0x0000000008001892        0x2 
 .text.prveMBError2Exception
                0x0000000008001894       0x10 ./src/Modbus/mbutils.o
                0x0000000008001894                prveMBError2Exception
 .text.lwip_htons
                0x00000000080018a4        0x6 ./src/LwIP/def.o
                0x00000000080018a4                lwip_htons
 .text.lwip_ntohs
                0x00000000080018aa        0x6 ./src/LwIP/def.o
                0x00000000080018aa                lwip_ntohs
 .text.lwip_htonl
                0x00000000080018b0        0x4 ./src/LwIP/def.o
                0x00000000080018b0                lwip_htonl
 .text.lwip_ntohl
                0x00000000080018b4        0x4 ./src/LwIP/def.o
                0x00000000080018b4                lwip_ntohl
 .text.dhcp_set_state
                0x00000000080018b8       0x10 ./src/LwIP/dhcp.o
 .text.dhcp_option
                0x00000000080018c8       0x20 ./src/LwIP/dhcp.o
 .text.dhcp_option_byte
                0x00000000080018e8       0x12 ./src/LwIP/dhcp.o
 .text.dhcp_option_short
                0x00000000080018fa       0x22 ./src/LwIP/dhcp.o
 .text.dhcp_option_long
                0x000000000800191c       0x46 ./src/LwIP/dhcp.o
 .text.dhcp_option_trailer
                0x0000000008001962       0x26 ./src/LwIP/dhcp.o
 .text.dhcp_create_msg
                0x0000000008001988      0x140 ./src/LwIP/dhcp.o
 .text.dhcp_delete_msg
                0x0000000008001ac8       0x16 ./src/LwIP/dhcp.o
 *fill*         0x0000000008001ade        0x2 
 .text.dhcp_discover
                0x0000000008001ae0       0xb8 ./src/LwIP/dhcp.o
 .text.dhcp_reboot
                0x0000000008001b98       0xa4 ./src/LwIP/dhcp.o
 .text.dhcp_network_changed
                0x0000000008001c3c       0x3e ./src/LwIP/dhcp.o
                0x0000000008001c3c                dhcp_network_changed
 *fill*         0x0000000008001c7a        0x2 
 .text.dhcp_arp_reply
                0x0000000008001c7c       0x80 ./src/LwIP/dhcp.o
                0x0000000008001c7c                dhcp_arp_reply
 .text.etharp_free_entry
                0x0000000008001cfc       0x28 ./src/LwIP/etharp.o
 .text.etharp_find_entry
                0x0000000008001d24       0xd4 ./src/LwIP/etharp.o
 .text.etharp_send_ip
                0x0000000008001df8       0x30 ./src/LwIP/etharp.o
 .text.etharp_tmr
                0x0000000008001e28       0x40 ./src/LwIP/etharp.o
                0x0000000008001e28                etharp_tmr
 .text.etharp_cleanup_netif
                0x0000000008001e68       0x28 ./src/LwIP/etharp.o
                0x0000000008001e68                etharp_cleanup_netif
 .text.etharp_request
                0x0000000008001e90       0xac ./src/LwIP/etharp.o
                0x0000000008001e90                etharp_request
 .text.etharp_output_to_arp_index
                0x0000000008001f3c       0x4c ./src/LwIP/etharp.o
 .text.etharp_query
                0x0000000008001f88       0xf4 ./src/LwIP/etharp.o
                0x0000000008001f88                etharp_query
 .text.etharp_output
                0x000000000800207c       0xf0 ./src/LwIP/etharp.o
                0x000000000800207c                etharp_output
 .text.ethernet_input
                0x000000000800216c      0x1e8 ./src/LwIP/etharp.o
                0x000000000800216c                ethernet_input
 .text.low_level_output
                0x0000000008002354       0xa8 ./src/LwIP/ethernetif.o
 .text.ethernetif_input
                0x00000000080023fc       0xdc ./src/LwIP/ethernetif.o
                0x00000000080023fc                ethernetif_input
 .text.ethernetif_init
                0x00000000080024d8       0x98 ./src/LwIP/ethernetif.o
                0x00000000080024d8                ethernetif_init
 .text.icmp_send_response.isra.0
                0x0000000008002570       0x70 ./src/LwIP/icmp.o
 .text.icmp_input
                0x00000000080025e0      0x104 ./src/LwIP/icmp.o
                0x00000000080025e0                icmp_input
 .text.icmp_dest_unreach
                0x00000000080026e4        0xa ./src/LwIP/icmp.o
                0x00000000080026e4                icmp_dest_unreach
 .text.icmp_time_exceeded
                0x00000000080026ee        0xa ./src/LwIP/icmp.o
                0x00000000080026ee                icmp_time_exceeded
 .text.lwip_standard_chksum
                0x00000000080026f8       0x58 ./src/LwIP/inet_chksum.o
 .text.inet_chksum
                0x0000000008002750        0xc ./src/LwIP/inet_chksum.o
                0x0000000008002750                inet_chksum
 .text.inet_chksum_pbuf
                0x000000000800275c       0x46 ./src/LwIP/inet_chksum.o
                0x000000000800275c                inet_chksum_pbuf
 *fill*         0x00000000080027a2        0x2 
 .text.ip_route
                0x00000000080027a4       0x40 ./src/LwIP/ip.o
                0x00000000080027a4                ip_route
 .text.ip_input
                0x00000000080027e4      0x17c ./src/LwIP/ip.o
                0x00000000080027e4                ip_input
 .text.ip_output_if
                0x0000000008002960       0xb0 ./src/LwIP/ip.o
                0x0000000008002960                ip_output_if
 .text.ip_output
                0x0000000008002a10       0x38 ./src/LwIP/ip.o
                0x0000000008002a10                ip_output
 .text.ip4_addr_isbroadcast
                0x0000000008002a48       0x3a ./src/LwIP/ip_addr.o
                0x0000000008002a48                ip4_addr_isbroadcast
 .text.ipfrag_free_pbuf_custom
                0x0000000008002a82       0x18 ./src/LwIP/ip_frag.o
 *fill*         0x0000000008002a9a        0x2 
 .text.ip_reass_free_complete_datagram
                0x0000000008002a9c       0x88 ./src/LwIP/ip_frag.o
 .text.ip_reass_remove_oldest_datagram
                0x0000000008002b24       0x6c ./src/LwIP/ip_frag.o
 .text.ip_reass
                0x0000000008002b90      0x270 ./src/LwIP/ip_frag.o
                0x0000000008002b90                ip_reass
 .text.ip_frag  0x0000000008002e00      0x178 ./src/LwIP/ip_frag.o
                0x0000000008002e00                ip_frag
 .text.mem_init
                0x0000000008002f78       0x3c ./src/LwIP/mem.o
                0x0000000008002f78                mem_init
 .text.mem_free
                0x0000000008002fb4       0x8c ./src/LwIP/mem.o
                0x0000000008002fb4                mem_free
 .text.mem_trim
                0x0000000008003040       0xb0 ./src/LwIP/mem.o
                0x0000000008003040                mem_trim
 .text.mem_malloc
                0x00000000080030f0       0xb4 ./src/LwIP/mem.o
                0x00000000080030f0                mem_malloc
 .text.memp_init
                0x00000000080031a4       0x48 ./src/LwIP/memp.o
                0x00000000080031a4                memp_init
 .text.memp_malloc
                0x00000000080031ec       0x20 ./src/LwIP/memp.o
                0x00000000080031ec                memp_malloc
 .text.memp_free
                0x000000000800320c       0x14 ./src/LwIP/memp.o
                0x000000000800320c                memp_free
 .text.netif_set_ipaddr
                0x0000000008003220       0x50 ./src/LwIP/netif.o
                0x0000000008003220                netif_set_ipaddr
 .text.netif_set_addr
                0x0000000008003270       0x1a ./src/LwIP/netif.o
                0x0000000008003270                netif_set_addr
 *fill*         0x000000000800328a        0x2 
 .text.netif_add
                0x000000000800328c       0x50 ./src/LwIP/netif.o
                0x000000000800328c                netif_add
 .text.netif_set_default
                0x00000000080032dc        0xc ./src/LwIP/netif.o
                0x00000000080032dc                netif_set_default
 .text.netif_set_up
                0x00000000080032e8       0x20 ./src/LwIP/netif.o
                0x00000000080032e8                netif_set_up
 .text.netif_set_down
                0x0000000008003308       0x1a ./src/LwIP/netif.o
                0x0000000008003308                netif_set_down
 .text.netif_set_link_up
                0x0000000008003322       0x3a ./src/LwIP/netif.o
                0x0000000008003322                netif_set_link_up
 .text.netif_set_link_down
                0x000000000800335c       0x1a ./src/LwIP/netif.o
                0x000000000800335c                netif_set_link_down
 .text.netif_set_link_callback
                0x0000000008003376        0x6 ./src/LwIP/netif.o
                0x0000000008003376                netif_set_link_callback
 .text.pbuf_alloced_custom
                0x000000000800337c       0x50 ./src/LwIP/pbuf.o
                0x000000000800337c                pbuf_alloced_custom
 .text.pbuf_header
                0x00000000080033cc       0x58 ./src/LwIP/pbuf.o
                0x00000000080033cc                pbuf_header
 .text.pbuf_free
                0x0000000008003424       0x4e ./src/LwIP/pbuf.o
                0x0000000008003424                pbuf_free
 .text.pbuf_alloc
                0x0000000008003472      0x100 ./src/LwIP/pbuf.o
                0x0000000008003472                pbuf_alloc
 .text.pbuf_realloc
                0x0000000008003572       0x4c ./src/LwIP/pbuf.o
                0x0000000008003572                pbuf_realloc
 .text.pbuf_clen
                0x00000000080035be       0x10 ./src/LwIP/pbuf.o
                0x00000000080035be                pbuf_clen
 .text.pbuf_ref
                0x00000000080035ce        0xa ./src/LwIP/pbuf.o
                0x00000000080035ce                pbuf_ref
 .text.pbuf_cat
                0x00000000080035d8       0x22 ./src/LwIP/pbuf.o
                0x00000000080035d8                pbuf_cat
 .text.pbuf_chain
                0x00000000080035fa       0x12 ./src/LwIP/pbuf.o
                0x00000000080035fa                pbuf_chain
 .text.pbuf_copy
                0x000000000800360c       0x94 ./src/LwIP/pbuf.o
                0x000000000800360c                pbuf_copy
 .text.pbuf_copy_partial
                0x00000000080036a0       0x62 ./src/LwIP/pbuf.o
                0x00000000080036a0                pbuf_copy_partial
 *fill*         0x0000000008003702        0x2 
 .text.raw_input
                0x0000000008003704       0x78 ./src/LwIP/raw.o
                0x0000000008003704                raw_input
 .text.tcp_accept_null
                0x000000000800377c        0x6 ./src/LwIP/tcp.o
 *fill*         0x0000000008003782        0x2 
 .text.tcp_new_port
                0x0000000008003784       0x50 ./src/LwIP/tcp.o
 .text.tcp_bind
                0x00000000080037d4       0x6c ./src/LwIP/tcp.o
                0x00000000080037d4                tcp_bind
 .text.tcp_listen_with_backlog
                0x0000000008003840       0x98 ./src/LwIP/tcp.o
                0x0000000008003840                tcp_listen_with_backlog
 .text.tcp_update_rcv_ann_wnd
                0x00000000080038d8       0x3a ./src/LwIP/tcp.o
                0x00000000080038d8                tcp_update_rcv_ann_wnd
 .text.tcp_recved
                0x0000000008003912       0x36 ./src/LwIP/tcp.o
                0x0000000008003912                tcp_recved
 .text.tcp_seg_free
                0x0000000008003948       0x1c ./src/LwIP/tcp.o
                0x0000000008003948                tcp_seg_free
 .text.tcp_segs_free
                0x0000000008003964       0x10 ./src/LwIP/tcp.o
                0x0000000008003964                tcp_segs_free
 .text.tcp_setprio
                0x0000000008003974        0x4 ./src/LwIP/tcp.o
                0x0000000008003974                tcp_setprio
 .text.tcp_arg  0x0000000008003978        0x4 ./src/LwIP/tcp.o
                0x0000000008003978                tcp_arg
 .text.tcp_recv
                0x000000000800397c        0x4 ./src/LwIP/tcp.o
                0x000000000800397c                tcp_recv
 .text.tcp_sent
                0x0000000008003980        0x4 ./src/LwIP/tcp.o
                0x0000000008003980                tcp_sent
 .text.tcp_err  0x0000000008003984        0x6 ./src/LwIP/tcp.o
                0x0000000008003984                tcp_err
 .text.tcp_accept
                0x000000000800398a        0x4 ./src/LwIP/tcp.o
                0x000000000800398a                tcp_accept
 .text.tcp_poll
                0x000000000800398e        0xa ./src/LwIP/tcp.o
                0x000000000800398e                tcp_poll
 .text.tcp_pcb_purge
                0x0000000008003998       0x38 ./src/LwIP/tcp.o
                0x0000000008003998                tcp_pcb_purge
 .text.tcp_slowtmr
                0x00000000080039d0      0x290 ./src/LwIP/tcp.o
                0x00000000080039d0                tcp_slowtmr
 .text.tcp_pcb_remove
                0x0000000008003c60       0x5c ./src/LwIP/tcp.o
                0x0000000008003c60                tcp_pcb_remove
 .text.tcp_close_shutdown
                0x0000000008003cbc      0x124 ./src/LwIP/tcp.o
 .text.tcp_close
                0x0000000008003de0       0x14 ./src/LwIP/tcp.o
                0x0000000008003de0                tcp_close
 .text.tcp_recv_null
                0x0000000008003df4       0x24 ./src/LwIP/tcp.o
                0x0000000008003df4                tcp_recv_null
 .text.tcp_process_refused_data
                0x0000000008003e18       0x5e ./src/LwIP/tcp.o
                0x0000000008003e18                tcp_process_refused_data
 *fill*         0x0000000008003e76        0x2 
 .text.tcp_fasttmr
                0x0000000008003e78       0x68 ./src/LwIP/tcp.o
                0x0000000008003e78                tcp_fasttmr
 .text.tcp_tmr  0x0000000008003ee0       0x24 ./src/LwIP/tcp.o
                0x0000000008003ee0                tcp_tmr
 .text.tcp_abandon
                0x0000000008003f04       0x8c ./src/LwIP/tcp.o
                0x0000000008003f04                tcp_abandon
 .text.tcp_abort
                0x0000000008003f90        0x6 ./src/LwIP/tcp.o
                0x0000000008003f90                tcp_abort
 *fill*         0x0000000008003f96        0x2 
 .text.tcp_next_iss
                0x0000000008003f98       0x18 ./src/LwIP/tcp.o
                0x0000000008003f98                tcp_next_iss
 .text.tcp_alloc
                0x0000000008003fb0      0x108 ./src/LwIP/tcp.o
                0x0000000008003fb0                tcp_alloc
 .text.tcp_new  0x00000000080040b8        0x6 ./src/LwIP/tcp.o
                0x00000000080040b8                tcp_new
 .text.tcp_eff_send_mss
                0x00000000080040be       0x1e ./src/LwIP/tcp.o
                0x00000000080040be                tcp_eff_send_mss
 .text.tcp_receive
                0x00000000080040dc      0x494 ./src/LwIP/tcp_in.o
 .text.tcp_parseopt.isra.0
                0x0000000008004570       0x80 ./src/LwIP/tcp_in.o
 .text.tcp_input
                0x00000000080045f0      0x800 ./src/LwIP/tcp_in.o
                0x00000000080045f0                tcp_input
 .text.tcp_pbuf_prealloc
                0x0000000008004df0       0x50 ./src/LwIP/tcp_out.o
 .text.tcp_create_segment
                0x0000000008004e40       0xae ./src/LwIP/tcp_out.o
 .text.tcp_output_alloc_header.constprop.0
                0x0000000008004eee       0x5a ./src/LwIP/tcp_out.o
 .text.tcp_write
                0x0000000008004f48      0x31c ./src/LwIP/tcp_out.o
                0x0000000008004f48                tcp_write
 .text.tcp_enqueue_flags
                0x0000000008005264       0x94 ./src/LwIP/tcp_out.o
                0x0000000008005264                tcp_enqueue_flags
 .text.tcp_send_fin
                0x00000000080052f8       0x44 ./src/LwIP/tcp_out.o
                0x00000000080052f8                tcp_send_fin
 .text.tcp_send_empty_ack
                0x000000000800533c       0x44 ./src/LwIP/tcp_out.o
                0x000000000800533c                tcp_send_empty_ack
 .text.tcp_output
                0x0000000008005380      0x264 ./src/LwIP/tcp_out.o
                0x0000000008005380                tcp_output
 .text.tcp_rst  0x00000000080055e4       0x84 ./src/LwIP/tcp_out.o
                0x00000000080055e4                tcp_rst
 .text.tcp_rexmit_rto
                0x0000000008005668       0x2e ./src/LwIP/tcp_out.o
                0x0000000008005668                tcp_rexmit_rto
 .text.tcp_rexmit
                0x0000000008005696       0x50 ./src/LwIP/tcp_out.o
                0x0000000008005696                tcp_rexmit
 .text.tcp_rexmit_fast
                0x00000000080056e6       0x50 ./src/LwIP/tcp_out.o
                0x00000000080056e6                tcp_rexmit_fast
 .text.tcp_keepalive
                0x0000000008005736       0x3c ./src/LwIP/tcp_out.o
                0x0000000008005736                tcp_keepalive
 .text.tcp_zero_window_probe
                0x0000000008005772       0x9c ./src/LwIP/tcp_out.o
                0x0000000008005772                tcp_zero_window_probe
 .text.tcp_timer_needed
                0x000000000800580e        0x2 ./src/LwIP/timers.o
                0x000000000800580e                tcp_timer_needed
 .text.udp_input
                0x0000000008005810      0x168 ./src/LwIP/udp.o
                0x0000000008005810                udp_input
 .text.udp_bind
                0x0000000008005978       0x94 ./src/LwIP/udp.o
                0x0000000008005978                udp_bind
 .text.udp_sendto_if
                0x0000000008005a0c       0xc0 ./src/LwIP/udp.o
                0x0000000008005a0c                udp_sendto_if
 .text.ETH_DeInit
                0x0000000008005acc       0x1a ./src/ETH_Driver/stm32f4x7_eth.o
                0x0000000008005acc                ETH_DeInit
 .text.ETH_StructInit
                0x0000000008005ae6       0xa8 ./src/ETH_Driver/stm32f4x7_eth.o
                0x0000000008005ae6                ETH_StructInit
 *fill*         0x0000000008005b8e        0x2 
 .text.ETH_MACTransmissionCmd
                0x0000000008005b90       0x30 ./src/ETH_Driver/stm32f4x7_eth.o
                0x0000000008005b90                ETH_MACTransmissionCmd
 .text.ETH_MACReceptionCmd
                0x0000000008005bc0       0x30 ./src/ETH_Driver/stm32f4x7_eth.o
                0x0000000008005bc0                ETH_MACReceptionCmd
 .text.ETH_MACAddressConfig
                0x0000000008005bf0       0x30 ./src/ETH_Driver/stm32f4x7_eth.o
                0x0000000008005bf0                ETH_MACAddressConfig
 .text.ETH_Get_Received_Frame
                0x0000000008005c20       0x2c ./src/ETH_Driver/stm32f4x7_eth.o
                0x0000000008005c20                ETH_Get_Received_Frame
 .text.ETH_Prepare_Transmit_Descriptors
                0x0000000008005c4c       0xc4 ./src/ETH_Driver/stm32f4x7_eth.o
                0x0000000008005c4c                ETH_Prepare_Transmit_Descriptors
 .text.ETH_DMARxDescChainInit
                0x0000000008005d10       0x60 ./src/ETH_Driver/stm32f4x7_eth.o
                0x0000000008005d10                ETH_DMARxDescChainInit
 .text.ETH_CheckFrameReceived
                0x0000000008005d70       0x7c ./src/ETH_Driver/stm32f4x7_eth.o
                0x0000000008005d70                ETH_CheckFrameReceived
 .text.ETH_DMATxDescChainInit
                0x0000000008005dec       0x4c ./src/ETH_Driver/stm32f4x7_eth.o
                0x0000000008005dec                ETH_DMATxDescChainInit
 .text.ETH_DMATxDescChecksumInsertionConfig
                0x0000000008005e38        0x8 ./src/ETH_Driver/stm32f4x7_eth.o
                0x0000000008005e38                ETH_DMATxDescChecksumInsertionConfig
 .text.ETH_SoftwareReset
                0x0000000008005e40       0x10 ./src/ETH_Driver/stm32f4x7_eth.o
                0x0000000008005e40                ETH_SoftwareReset
 .text.ETH_GetSoftwareResetStatus
                0x0000000008005e50       0x10 ./src/ETH_Driver/stm32f4x7_eth.o
                0x0000000008005e50                ETH_GetSoftwareResetStatus
 .text.ETH_FlushTransmitFIFO
                0x0000000008005e60       0x2c ./src/ETH_Driver/stm32f4x7_eth.o
                0x0000000008005e60                ETH_FlushTransmitFIFO
 .text.ETH_Start
                0x0000000008005e8c       0x30 ./src/ETH_Driver/stm32f4x7_eth.o
                0x0000000008005e8c                ETH_Start
 .text.ETH_DMATransmissionCmd
                0x0000000008005ebc       0x1c ./src/ETH_Driver/stm32f4x7_eth.o
                0x0000000008005ebc                ETH_DMATransmissionCmd
 .text.ETH_DMAReceptionCmd
                0x0000000008005ed8       0x1c ./src/ETH_Driver/stm32f4x7_eth.o
                0x0000000008005ed8                ETH_DMAReceptionCmd
 .text.ETH_Stop
                0x0000000008005ef4       0x22 ./src/ETH_Driver/stm32f4x7_eth.o
                0x0000000008005ef4                ETH_Stop
 *fill*         0x0000000008005f16        0x2 
 .text.ETH_ReadPHYRegister
                0x0000000008005f18       0x58 ./src/ETH_Driver/stm32f4x7_eth.o
                0x0000000008005f18                ETH_ReadPHYRegister
 .text.ETH_WritePHYRegister
                0x0000000008005f70       0x54 ./src/ETH_Driver/stm32f4x7_eth.o
                0x0000000008005f70                ETH_WritePHYRegister
 .text.ETH_Init
                0x0000000008005fc4      0x2c8 ./src/ETH_Driver/stm32f4x7_eth.o
                0x0000000008005fc4                ETH_Init
 .text.fs_open  0x000000000800628c       0x74 ./src/fs.o
                0x000000000800628c                fs_open
 .text.fs_close
                0x0000000008006300       0x20 ./src/fs.o
                0x0000000008006300                fs_close
 .text.fs_read  0x0000000008006320       0x30 ./src/fs.o
                0x0000000008006320                fs_read
 .text.fs_bytes_left
                0x0000000008006350        0x8 ./src/fs.o
                0x0000000008006350                fs_bytes_left
 .text.http_write
                0x0000000008006358       0x3e ./src/httpd.o
 .text.http_state_free
                0x0000000008006396       0x2a ./src/httpd.o
 .text.http_err
                0x00000000080063c0        0x8 ./src/httpd.o
 .text.strnstr  0x00000000080063c8       0x50 ./src/httpd.o
 .text.http_accept
                0x0000000008006418       0x68 ./src/httpd.o
 .text.http_close_conn
                0x0000000008006480       0x50 ./src/httpd.o
 .text.http_send_data
                0x00000000080064d0      0x478 ./src/httpd.o
 .text.http_sent
                0x0000000008006948       0x16 ./src/httpd.o
 .text.http_poll
                0x000000000800695e       0x32 ./src/httpd.o
 .text.http_get_404_file
                0x0000000008006990       0x34 ./src/httpd.o
 .text.http_recv
                0x00000000080069c4      0x2f0 ./src/httpd.o
 .text.httpd_init
                0x0000000008006cb4       0x44 ./src/httpd.o
                0x0000000008006cb4                httpd_init
 .text.http_set_cgi_handlers
                0x0000000008006cf8       0x14 ./src/httpd.o
                0x0000000008006cf8                http_set_cgi_handlers
 .text.LEDS_CGI_Handler
                0x0000000008006d0c       0x88 ./src/httpd_cgi_ssi.o
                0x0000000008006d0c                LEDS_CGI_Handler
 .text.httpd_ssi_init
                0x0000000008006d94        0x2 ./src/httpd_cgi_ssi.o
                0x0000000008006d94                httpd_ssi_init
 *fill*         0x0000000008006d96        0x2 
 .text.httpd_cgi_init
                0x0000000008006d98       0x1c ./src/httpd_cgi_ssi.o
                0x0000000008006d98                httpd_cgi_init
 .text.startup.main
                0x0000000008006db4       0xcc ./src/main.o
                0x0000000008006db4                main
 .text.Delay    0x0000000008006e80       0x1c ./src/main.o
                0x0000000008006e80                Delay
 .text.Time_Update
                0x0000000008006e9c       0x10 ./src/main.o
                0x0000000008006e9c                Time_Update
 .text.eMBRegInputCB
                0x0000000008006eac       0x50 ./src/main.o
                0x0000000008006eac                eMBRegInputCB
 .text.eMBRegHoldingCB
                0x0000000008006efc       0x70 ./src/main.o
                0x0000000008006efc                eMBRegHoldingCB
 .text.eMBRegCoilsCB
                0x0000000008006f6c        0x4 ./src/main.o
                0x0000000008006f6c                eMBRegCoilsCB
 .text.eMBRegDiscreteCB
                0x0000000008006f70        0x4 ./src/main.o
                0x0000000008006f70                eMBRegDiscreteCB
 .text.LwIP_Init
                0x0000000008006f74       0x84 ./src/netconf.o
                0x0000000008006f74                LwIP_Init
 .text.LwIP_Pkt_Handle
                0x0000000008006ff8        0xc ./src/netconf.o
                0x0000000008006ff8                LwIP_Pkt_Handle
 .text.LwIP_Periodic_Handle
                0x0000000008007004       0x44 ./src/netconf.o
                0x0000000008007004                LwIP_Periodic_Handle
 .text.Eth_Link_PHYITConfig
                0x0000000008007048       0x38 ./src/stm32f4x7_eth_bsp.o
                0x0000000008007048                Eth_Link_PHYITConfig
 .text.Eth_Link_EXTIConfig
                0x0000000008007080       0x6c ./src/stm32f4x7_eth_bsp.o
                0x0000000008007080                Eth_Link_EXTIConfig
 .text.ETH_BSP_Config
                0x00000000080070ec      0x244 ./src/stm32f4x7_eth_bsp.o
                0x00000000080070ec                ETH_BSP_Config
 .text.Eth_Link_ITHandler
                0x0000000008007330       0x34 ./src/stm32f4x7_eth_bsp.o
                0x0000000008007330                Eth_Link_ITHandler
 .text.ETH_link_callback
                0x0000000008007364       0xc8 ./src/stm32f4x7_eth_bsp.o
                0x0000000008007364                ETH_link_callback
 .text.NMI_Handler
                0x000000000800742c        0x2 ./src/stm32f4xx_it.o
                0x000000000800742c                NMI_Handler
 .text.HardFault_Handler
                0x000000000800742e        0x2 ./src/stm32f4xx_it.o
                0x000000000800742e                HardFault_Handler
 .text.MemManage_Handler
                0x0000000008007430        0x2 ./src/stm32f4xx_it.o
                0x0000000008007430                MemManage_Handler
 .text.BusFault_Handler
                0x0000000008007432        0x2 ./src/stm32f4xx_it.o
                0x0000000008007432                BusFault_Handler
 .text.UsageFault_Handler
                0x0000000008007434        0x2 ./src/stm32f4xx_it.o
                0x0000000008007434                UsageFault_Handler
 .text.DebugMon_Handler
                0x0000000008007436        0x2 ./src/stm32f4xx_it.o
                0x0000000008007436                DebugMon_Handler
 .text.SysTick_Handler
                0x0000000008007438        0x4 ./src/stm32f4xx_it.o
                0x0000000008007438                SysTick_Handler
 .text.EXTI15_10_IRQHandler
                0x000000000800743c       0x20 ./src/stm32f4xx_it.o
                0x000000000800743c                EXTI15_10_IRQHandler
 .text.memcmp   0x000000000800745c       0x68 /usr/lib/gcc/arm-none-eabi/4.8/../../../arm-none-eabi/lib/armv7e-m/libg.a(lib_a-memcmp.o)
                0x000000000800745c                memcmp
 .text          0x00000000080074c4      0x134 /usr/lib/gcc/arm-none-eabi/4.8/../../../arm-none-eabi/lib/armv7e-m/libg.a(lib_a-memcpy.o)
                0x00000000080074c4                memcpy
 .text.memset   0x00000000080075f8       0x94 /usr/lib/gcc/arm-none-eabi/4.8/../../../arm-none-eabi/lib/armv7e-m/libg.a(lib_a-memset.o)
                0x00000000080075f8                memset
 .text.strchr   0x000000000800768c       0xf4 /usr/lib/gcc/arm-none-eabi/4.8/../../../arm-none-eabi/lib/armv7e-m/libg.a(lib_a-strchr.o)
                0x000000000800768c                strchr
 .text          0x0000000008007780      0x2e0 /usr/lib/gcc/arm-none-eabi/4.8/../../../arm-none-eabi/lib/armv7e-m/libg.a(lib_a-strcmp.o)
                0x0000000008007788                strcmp
 .text.strlen   0x0000000008007a60       0x5c /usr/lib/gcc/arm-none-eabi/4.8/../../../arm-none-eabi/lib/armv7e-m/libg.a(lib_a-strlen.o)
                0x0000000008007a60                strlen
 .text.strncmp  0x0000000008007abc       0xb4 /usr/lib/gcc/arm-none-eabi/4.8/../../../arm-none-eabi/lib/armv7e-m/libg.a(lib_a-strncmp.o)
                0x0000000008007abc                strncmp
 .text.critical_factorization
                0x0000000008007b70       0xbc /usr/lib/gcc/arm-none-eabi/4.8/../../../arm-none-eabi/lib/armv7e-m/libg.a(lib_a-strstr.o)
 .text.two_way_long_needle
                0x0000000008007c2c      0x1ec /usr/lib/gcc/arm-none-eabi/4.8/../../../arm-none-eabi/lib/armv7e-m/libg.a(lib_a-strstr.o)
 .text.strstr   0x0000000008007e18      0x200 /usr/lib/gcc/arm-none-eabi/4.8/../../../arm-none-eabi/lib/armv7e-m/libg.a(lib_a-strstr.o)
                0x0000000008007e18                strstr
 .text.memchr   0x0000000008008018       0x90 /usr/lib/gcc/arm-none-eabi/4.8/../../../arm-none-eabi/lib/armv7e-m/libg.a(lib_a-memchr-stub.o)
                0x0000000008008018                memchr
 *(.rodata .rodata.* .constdata .constdata.*)
 .rodata.aucCRCLo
                0x00000000080080a8      0x100 ./src/Modbus/mbcrc.o
 .rodata.aucCRCHi
                0x00000000080081a8      0x100 ./src/Modbus/mbcrc.o
 .rodata.CSWTCH.7
                0x00000000080082a8        0x8 ./src/Modbus/mbutils.o
 .rodata.ethbroadcast
                0x00000000080082b0        0x6 ./src/LwIP/etharp.o
                0x00000000080082b0                ethbroadcast
 .rodata.ethzero
                0x00000000080082b6        0x6 ./src/LwIP/etharp.o
                0x00000000080082b6                ethzero
 .rodata.ip_addr_broadcast
                0x00000000080082bc        0x4 ./src/LwIP/ip_addr.o
                0x00000000080082bc                ip_addr_broadcast
 .rodata.ip_addr_any
                0x00000000080082c0        0x4 ./src/LwIP/ip_addr.o
                0x00000000080082c0                ip_addr_any
 .rodata.memp_num
                0x00000000080082c4       0x12 ./src/LwIP/memp.o
 .rodata.memp_sizes
                0x00000000080082d6       0x12 ./src/LwIP/memp.o
 .rodata.tcp_pcb_lists
                0x00000000080082e8       0x10 ./src/LwIP/tcp.o
                0x00000000080082e8                tcp_pcb_lists
 .rodata.tcp_backoff
                0x00000000080082f8        0xd ./src/LwIP/tcp.o
                0x00000000080082f8                tcp_backoff
 .rodata.tcp_persist_backoff
                0x0000000008008305        0x7 ./src/LwIP/tcp.o
                0x0000000008008305                tcp_persist_backoff
 .rodata.file__STM32F4x7_files_stm32_jpg
                0x000000000800830c       0x14 ./src/fsdata.o
                0x000000000800830c                file__STM32F4x7_files_stm32_jpg
 .rodata.data__STM32F4x7_files_logo_jpg
                0x0000000008008320      0xc57 ./src/fsdata.o
 *fill*         0x0000000008008f77        0x1 
 .rodata.file__STM32F4x7ADC_shtml
                0x0000000008008f78       0x14 ./src/fsdata.o
                0x0000000008008f78                file__STM32F4x7ADC_shtml
 .rodata.file__404_html
                0x0000000008008f8c       0x14 ./src/fsdata.o
                0x0000000008008f8c                file__404_html
 .rodata.data__404_html
                0x0000000008008fa0      0x4db ./src/fsdata.o
 *fill*         0x000000000800947b        0x1 
 .rodata.file__STM32F4x7_files_logo_jpg
                0x000000000800947c       0x14 ./src/fsdata.o
                0x000000000800947c                file__STM32F4x7_files_logo_jpg
 .rodata.data__index_html
                0x0000000008009490     0x29e3 ./src/fsdata.o
 *fill*         0x000000000800be73        0x1 
 .rodata.file__STM32F4x7_files_ST_gif
                0x000000000800be74       0x14 ./src/fsdata.o
                0x000000000800be74                file__STM32F4x7_files_ST_gif
 .rodata.data__STM32F4x7LED_html
                0x000000000800be88      0xfe8 ./src/fsdata.o
 .rodata.file__STM32F4x7LED_html
                0x000000000800ce70       0x14 ./src/fsdata.o
                0x000000000800ce70                file__STM32F4x7LED_html
 .rodata.data__STM32F4x7_files_ST_gif
                0x000000000800ce84      0xaba ./src/fsdata.o
 *fill*         0x000000000800d93e        0x2 
 .rodata.file__index_html
                0x000000000800d940       0x14 ./src/fsdata.o
                0x000000000800d940                file__index_html
 .rodata.data__STM32F4x7_files_stm32_jpg
                0x000000000800d954     0x665d ./src/fsdata.o
 .rodata.data__STM32F4x7ADC_shtml
                0x0000000008013fb1      0xfce ./src/fsdata.o
 .rodata.str1.1
                0x0000000008014f7f       0x8d ./src/httpd.o
                                         0xa4 (size before relaxing)
 .rodata.g_psDefaultFilenames
                0x000000000801500c       0x28 ./src/httpd.o
                0x000000000801500c                g_psDefaultFilenames
 .rodata.LEDS_CGI
                0x0000000008015034        0x8 ./src/httpd_cgi_ssi.o
                0x0000000008015034                LEDS_CGI
 .rodata.str1.1
                0x000000000801503c       0x2b ./src/httpd_cgi_ssi.o
 *(vtable)
 *(.eh_frame*)
 *fill*         0x0000000008015067        0x1 
 .eh_frame      0x0000000008015068       0x70 /usr/lib/gcc/arm-none-eabi/4.8/../../../arm-none-eabi/lib/armv7e-m/libg.a(lib_a-strcmp.o)
 *(.glue_7)
 .glue_7        0x00000000080150d8        0x0 linker stubs
 *(.glue_7t)
 .glue_7t       0x00000000080150d8        0x0 linker stubs

.vfp11_veneer   0x00000000080150d8        0x0
 .vfp11_veneer  0x00000000080150d8        0x0 linker stubs

.v4_bx          0x00000000080150d8        0x0
 .v4_bx         0x00000000080150d8        0x0 linker stubs

.iplt           0x00000000080150d8        0x0
 .iplt          0x00000000080150d8        0x0 ./system/src/stm32f4/misc.o

.rel.dyn        0x00000000080150d8        0x0
 .rel.iplt      0x00000000080150d8        0x0 ./system/src/stm32f4/misc.o

.ARM.extab
 *(.ARM.extab* .gnu.linkonce.armextab.*)
                0x00000000080150d8                . = ALIGN (0x4)
                0x00000000080150d8                __exidx_start = .

.ARM.exidx
 *(.ARM.exidx* .gnu.linkonce.armexidx.*)
                0x00000000080150d8                __exidx_end = .
                0x00000000080150d8                . = ALIGN (0x4)
                0x00000000080150d8                _etext = .
                0x00000000080150d8                __etext = .

.data_CCMRAM    0x0000000010000000        0x0 load address 0x00000000080150d8
 FILL mask 0xff
 *(.data.CCMRAM .data.CCMRAM.*)
                0x0000000010000000                . = ALIGN (0x4)
                0x00000000080150d8                _sidata = LOADADDR (.data)

.data           0x0000000020000000       0xe0 load address 0x00000000080150d8
 FILL mask 0xff
                0x0000000020000000                _sdata = .
                0x0000000020000000                __data_start__ = .
 *(.data_begin .data_begin.*)
 *(.data .data.*)
 .data.APBAHBPrescTable
                0x0000000020000000       0x10 ./system/src/stm32f4/stm32f4xx_rcc.o
 .data.argv.4048
                0x0000000020000010        0x8 ./system/src/newlib/_syscalls.o
 .data.AHBPrescTable
                0x0000000020000018       0x10 ./system/src/cmsis/system_stm32f4xx.o
                0x0000000020000018                AHBPrescTable
 .data.SystemCoreClock
                0x0000000020000028        0x4 ./system/src/cmsis/system_stm32f4xx.o
                0x0000000020000028                SystemCoreClock
 .data.xFuncHandlers
                0x000000002000002c       0x80 ./src/Modbus/mb.o
 .data.eMBState
                0x00000000200000ac        0x1 ./src/Modbus/mb.o
 *fill*         0x00000000200000ad        0x3 ff
 .data.xid.5404
                0x00000000200000b0        0x4 ./src/LwIP/dhcp.o
 .data.tcp_port
                0x00000000200000b4        0x2 ./src/LwIP/tcp.o
 *fill*         0x00000000200000b6        0x2 ff
 .data.iss.5543
                0x00000000200000b8        0x4 ./src/LwIP/tcp.o
 .data.udp_port
                0x00000000200000bc        0x2 ./src/LwIP/udp.o
 *fill*         0x00000000200000be        0x2 ff
 .data.g_pcSSIExtensions
                0x00000000200000c0       0x10 ./src/httpd.o
                0x00000000200000c0                g_pcSSIExtensions
 .data.Vendor   0x00000000200000d0        0xe ./src/main.o
 *(.data_end .data_end.*)
                0x00000000200000e0                . = ALIGN (0x4)
 *fill*         0x00000000200000de        0x2 ff
                0x00000000200000e0                _edata = .
                0x00000000200000e0                __data_end__ = .

.igot.plt       0x00000000200000e0        0x0 load address 0x00000000080151b8
 .igot.plt      0x00000000200000e0        0x0 ./system/src/stm32f4/misc.o

.bss_CCMRAM     0x0000000010000000        0x0
 *(.bss.CCMRAM .bss.CCMRAM.*)

.bss            0x00000000200000e0     0x881c
                0x00000000200000e0                __bss_start__ = .
                0x00000000200000e0                _sbss = .
 *(.bss_begin .bss_begin.*)
 *(.bss .bss.*)
 .bss.name.4047
                0x00000000200000e0        0x1 ./system/src/newlib/_syscalls.o
 .bss.xEventInQueue
                0x00000000200000e1        0x1 ./src/port/portevent.o
 .bss.eQueuedEvent
                0x00000000200000e2        0x1 ./src/port/portevent.o
 .bss.aucTCPBuf
                0x00000000200000e3      0x107 ./src/port/porttcp.o
 .bss.usTCPBufPos
                0x00000000200001ea        0x2 ./src/port/porttcp.o
 .bss.pxPCBClient
                0x00000000200001ec        0x4 ./src/port/porttcp.o
 .bss.pxPCBListen
                0x00000000200001f0        0x4 ./src/port/porttcp.o
 .bss.pvMBFrameStopCur
                0x00000000200001f4        0xc ./src/Modbus/mb.o
 .bss.peMBFrameReceiveCur
                0x0000000020000200        0xc ./src/Modbus/mb.o
 .bss.pvMBFrameStartCur
                0x000000002000020c        0xc ./src/Modbus/mb.o
 .bss.peMBFrameSendCur
                0x0000000020000218        0xc ./src/Modbus/mb.o
 .bss.ucRcvAddress.8987
                0x0000000020000224        0x1 ./src/Modbus/mb.o
 .bss.ucFunctionCode.8988
                0x0000000020000225        0x1 ./src/Modbus/mb.o
 *fill*         0x0000000020000226        0x2 
 .bss.ucMBFrame.8986
                0x0000000020000228        0x4 ./src/Modbus/mb.o
 .bss.usLength.8989
                0x000000002000022c        0x2 ./src/Modbus/mb.o
 .bss.ucMBAddress
                0x000000002000022e        0x1 ./src/Modbus/mb.o
 *fill*         0x000000002000022f        0x1 
 .bss.pvMBFrameCloseCur
                0x0000000020000230        0xc ./src/Modbus/mb.o
 .bss.eException.8990
                0x000000002000023c        0x1 ./src/Modbus/mb.o
 *fill*         0x000000002000023d        0x1 
 .bss.usMBSlaveIDLen
                0x000000002000023e        0x2 ./src/Modbus/mbfuncother.o
 .bss.ucMBSlaveID
                0x0000000020000240       0x20 ./src/Modbus/mbfuncother.o
 .bss.pucSndBufferCur
                0x0000000020000260        0x4 ./src/Modbus/mbrtu.o
 .bss.usSndBufferCount
                0x0000000020000264        0x2 ./src/Modbus/mbrtu.o
 .bss.usRcvBufferPos
                0x0000000020000266        0x2 ./src/Modbus/mbrtu.o
 .bss.eSndState
                0x0000000020000268        0x1 ./src/Modbus/mbrtu.o
 .bss.eRcvState
                0x0000000020000269        0x1 ./src/Modbus/mbrtu.o
 .bss.etharp_cached_entry
                0x000000002000026a        0x1 ./src/LwIP/etharp.o
 *fill*         0x000000002000026b        0x1 
 .bss.arp_table
                0x000000002000026c       0xc8 ./src/LwIP/etharp.o
 .bss.ip_id     0x0000000020000334        0x2 ./src/LwIP/ip.o
 *fill*         0x0000000020000336        0x2 
 .bss.reassdatagrams
                0x0000000020000338        0x4 ./src/LwIP/ip_frag.o
 .bss.ip_reass_pbufcount
                0x000000002000033c        0x2 ./src/LwIP/ip_frag.o
 *fill*         0x000000002000033e        0x2 
 .bss.lfree     0x0000000020000340        0x4 ./src/LwIP/mem.o
 .bss.ram_end   0x0000000020000344        0x4 ./src/LwIP/mem.o
 .bss.ram       0x0000000020000348        0x4 ./src/LwIP/mem.o
 .bss.memp_memory
                0x000000002000034c     0x23cb ./src/LwIP/memp.o
 *fill*         0x0000000020002717        0x1 
 .bss.memp_tab  0x0000000020002718       0x24 ./src/LwIP/memp.o
 .bss.netif_num
                0x000000002000273c        0x1 ./src/LwIP/netif.o
 *fill*         0x000000002000273d        0x3 
 .bss.raw_pcbs  0x0000000020002740        0x4 ./src/LwIP/raw.o
 .bss.tcp_timer
                0x0000000020002744        0x1 ./src/LwIP/tcp.o
 .bss.tcp_timer_ctr
                0x0000000020002745        0x1 ./src/LwIP/tcp.o
 *fill*         0x0000000020002746        0x2 
 .bss.seqno     0x0000000020002748        0x4 ./src/LwIP/tcp_in.o
 .bss.iphdr     0x000000002000274c        0x4 ./src/LwIP/tcp_in.o
 .bss.tcplen    0x0000000020002750        0x2 ./src/LwIP/tcp_in.o
 *fill*         0x0000000020002752        0x2 
 .bss.ackno     0x0000000020002754        0x4 ./src/LwIP/tcp_in.o
 .bss.flags     0x0000000020002758        0x1 ./src/LwIP/tcp_in.o
 .bss.recv_flags
                0x0000000020002759        0x1 ./src/LwIP/tcp_in.o
 *fill*         0x000000002000275a        0x2 
 .bss.tcphdr    0x000000002000275c        0x4 ./src/LwIP/tcp_in.o
 .bss.recv_data
                0x0000000020002760        0x4 ./src/LwIP/tcp_in.o
 .bss.inseg     0x0000000020002764       0x10 ./src/LwIP/tcp_in.o
 .bss.g_pfnSSIHandler
                0x0000000020002774        0x4 ./src/httpd.o
                0x0000000020002774                g_pfnSSIHandler
 .bss.g_ppcTags
                0x0000000020002778        0x4 ./src/httpd.o
                0x0000000020002778                g_ppcTags
 .bss.g_iNumCGIs
                0x000000002000277c        0x4 ./src/httpd.o
                0x000000002000277c                g_iNumCGIs
 .bss.g_pCGIs   0x0000000020002780        0x4 ./src/httpd.o
                0x0000000020002780                g_pCGIs
 .bss.g_iNumTags
                0x0000000020002784        0x4 ./src/httpd.o
                0x0000000020002784                g_iNumTags
 .bss.httpd_req_buf
                0x0000000020002788      0x400 ./src/httpd.o
 .bss.LocalTime
                0x0000000020002b88        0x4 ./src/main.o
                0x0000000020002b88                LocalTime
 .bss.usRegInputBuf
                0x0000000020002b8c        0x8 ./src/main.o
 .bss.usRegHoldingBuf
                0x0000000020002b94      0x12c ./src/main.o
 .bss.TCPTimer  0x0000000020002cc0        0x4 ./src/netconf.o
                0x0000000020002cc0                TCPTimer
 .bss.ARPTimer  0x0000000020002cc4        0x4 ./src/netconf.o
                0x0000000020002cc4                ARPTimer
 .bss.EthStatus
                0x0000000020002cc8        0x4 ./src/stm32f4x7_eth_bsp.o
                0x0000000020002cc8                EthStatus
 *(COMMON)
 COMMON         0x0000000020002ccc        0x1 ./src/port/portevent.o
                0x0000000020002ccc                eMBCurrentMode
 *fill*         0x0000000020002ccd        0x3 
 COMMON         0x0000000020002cd0       0x14 ./src/Modbus/mb.o
                0x0000000020002cd0                pxMBFrameCBTransmitterEmpty
                0x0000000020002cd4                pxMBPortCBTimerExpired
                0x0000000020002cd8                pxMBFrameCBByteReceived
                0x0000000020002cdc                pxMBFrameCBTransmitFSMCur
                0x0000000020002ce0                pxMBFrameCBReceiveFSMCur
 COMMON         0x0000000020002ce4      0x100 ./src/Modbus/mbrtu.o
                0x0000000020002ce4                ucRTUBuf
 COMMON         0x0000000020002de4       0x10 ./src/LwIP/ip.o
                0x0000000020002de4                current_iphdr_src
                0x0000000020002de8                current_netif
                0x0000000020002dec                current_iphdr_dest
                0x0000000020002df0                current_header
 COMMON         0x0000000020002df4     0x2814 ./src/LwIP/mem.o
                0x0000000020002df4                ram_heap
 COMMON         0x0000000020005608        0x8 ./src/LwIP/netif.o
                0x0000000020005608                netif_list
                0x000000002000560c                netif_default
 COMMON         0x0000000020005610       0x1c ./src/LwIP/tcp.o
                0x0000000020005610                tcp_active_pcbs_changed
                0x0000000020005614                tcp_active_pcbs
                0x0000000020005618                tcp_ticks
                0x000000002000561c                tcp_listen_pcbs
                0x0000000020005620                tcp_tmp_pcb
                0x0000000020005624                tcp_bound_pcbs
                0x0000000020005628                tcp_tw_pcbs
 COMMON         0x000000002000562c        0x4 ./src/LwIP/tcp_in.o
                0x000000002000562c                tcp_input_pcb
 COMMON         0x0000000020005630        0x4 ./src/LwIP/udp.o
                0x0000000020005630                udp_pcbs
 COMMON         0x0000000020005634     0x30bc ./src/ETH_Driver/stm32f4x7_eth.o
                0x0000000020005634                RX_Frame_Descriptor
                0x0000000020005640                DMARxDescToGet
                0x0000000020005644                DMATxDescToSet
                0x0000000020005648                DMATxDscrTab
                0x00000000200056c8                Rx_Buff
                0x0000000020006e98                Frame_Rx_index
                0x0000000020006e9c                DMA_RX_FRAME_infos
                0x0000000020006ea0                DMARxDscrTab
                0x0000000020006f20                Tx_Buff
 COMMON         0x00000000200086f0       0xf0 ./src/fs.o
                0x00000000200086f0                fs_memory
 COMMON         0x00000000200087e0        0xc ./src/httpd_cgi_ssi.o
                0x00000000200087e0                ADC_Page_SSI_Handler
                0x00000000200087e4                CGI_TAB
 COMMON         0x00000000200087ec       0x1c ./src/main.o
                0x00000000200087ec                GPIO_InitDef
                0x00000000200087f4                USART_InitStruct
                0x0000000020008804                timingdelay
 COMMON         0x0000000020008808       0x38 ./src/netconf.o
                0x0000000020008808                gnetif
 COMMON         0x0000000020008840       0xbc ./src/stm32f4x7_eth_bsp.o
                0x0000000020008840                ETH_InitStructure
 *(.bss_end .bss_end.*)
                0x00000000200088fc                . = ALIGN (0x4)
                0x00000000200088fc                __bss_end__ = .
                0x00000000200088fc                _ebss = .

.noinit_CCMRAM
 *(.noinit.CCMRAM .noinit.CCMRAM.*)

.noinit         0x00000000200088fc        0x0
                0x00000000200088fc                _noinit = .
 *(.noinit .noinit.*)
                0x00000000200088fc                . = ALIGN (0x4)
                0x00000000200088fc                _end_noinit = .
                0x00000000200088fc                PROVIDE (end, _end_noinit)
                0x00000000200088fc                PROVIDE (_end, _end_noinit)
                0x00000000200088fc                PROVIDE (__end, _end_noinit)
                0x00000000200088fc                PROVIDE (__end__, _end_noinit)

._check_stack   0x00000000200088fc      0x100
                0x00000000200089fc                . = (. + _Minimum_Stack_Size)
 *fill*         0x00000000200088fc      0x100 

.b1text
 *(.b1text)
 *(.b1rodata)
 *(.b1rodata.*)

.eb0text
 *(.eb0text)
 *(.eb0rodata)
 *(.eb0rodata.*)

.eb1text
 *(.eb1text)
 *(.eb1rodata)
 *(.eb1rodata.*)

.eb2text
 *(.eb2text)
 *(.eb2rodata)
 *(.eb2rodata.*)

.eb3text
 *(.eb3text)
 *(.eb3rodata)
 *(.eb3rodata.*)

.stab
 *(.stab)

.stabstr
 *(.stabstr)

.stab.excl
 *(.stab.excl)

.stab.exclstr
 *(.stab.exclstr)

.stab.index
 *(.stab.index)

.stab.indexstr
 *(.stab.indexstr)

.comment        0x0000000000000000       0x58
 *(.comment)
 .comment       0x0000000000000000       0x2d ./system/src/stm32f4/misc.o
                                         0x2e (size before relaxing)
 .comment       0x000000000000002d       0x2e ./system/src/stm32f4/stm32f4xx_exti.o
 .comment       0x000000000000002d       0x2e ./system/src/stm32f4/stm32f4xx_gpio.o
 .comment       0x000000000000002d       0x2e ./system/src/stm32f4/stm32f4xx_rcc.o
 .comment       0x000000000000002d       0x2e ./system/src/stm32f4/stm32f4xx_syscfg.o
 .comment       0x000000000000002d       0x2e ./system/src/stm32f4/stm32f4xx_tim.o
 .comment       0x000000000000002d       0x2e ./system/src/stm32f4/stm32f4xx_usart.o
 .comment       0x000000000000002d       0x2e ./system/src/newlib/_exit.o
 .comment       0x000000000000002d       0x2e ./system/src/newlib/_startup.o
 .comment       0x000000000000002d       0x2e ./system/src/newlib/_syscalls.o
 .comment       0x000000000000002d       0x2e ./system/src/cortexm/_initialize_hardware.o
 .comment       0x000000000000002d       0x2e ./system/src/cortexm/_reset_hardware.o
 .comment       0x000000000000002d       0x2e ./system/src/cortexm/exception_handlers.o
 .comment       0x000000000000002d       0x2e ./system/src/cmsis/system_stm32f4xx.o
 .comment       0x000000000000002d       0x2e ./system/src/cmsis/vectors_stm32f4xx.o
 .comment       0x000000000000002d       0x2e ./src/port/portevent.o
 .comment       0x000000000000002d       0x2e ./src/port/portserial.o
 .comment       0x000000000000002d       0x2e ./src/port/porttcp.o
 .comment       0x000000000000002d       0x2e ./src/port/porttimer.o
 .comment       0x000000000000002d       0x2e ./src/Modbus/mb.o
 .comment       0x000000000000002d       0x2e ./src/Modbus/mbcrc.o
 .comment       0x000000000000002d       0x2e ./src/Modbus/mbfunccoils.o
 .comment       0x000000000000002d       0x2e ./src/Modbus/mbfuncdisc.o
 .comment       0x000000000000002d       0x2e ./src/Modbus/mbfuncholding.o
 .comment       0x000000000000002d       0x2e ./src/Modbus/mbfuncinput.o
 .comment       0x000000000000002d       0x2e ./src/Modbus/mbfuncother.o
 .comment       0x000000000000002d       0x2e ./src/Modbus/mbrtu.o
 .comment       0x000000000000002d       0x2e ./src/Modbus/mbtcp.o
 .comment       0x000000000000002d       0x2e ./src/Modbus/mbutils.o
 .comment       0x000000000000002d       0x2e ./src/LwIP/def.o
 .comment       0x000000000000002d       0x2e ./src/LwIP/dhcp.o
 .comment       0x000000000000002d       0x2e ./src/LwIP/etharp.o
 .comment       0x000000000000002d       0x2e ./src/LwIP/ethernetif.o
 .comment       0x000000000000002d       0x2e ./src/LwIP/icmp.o
 .comment       0x000000000000002d       0x2e ./src/LwIP/inet_chksum.o
 .comment       0x000000000000002d       0x2e ./src/LwIP/ip.o
 .comment       0x000000000000002d       0x2e ./src/LwIP/ip_addr.o
 .comment       0x000000000000002d       0x2e ./src/LwIP/ip_frag.o
 .comment       0x000000000000002d       0x2e ./src/LwIP/mem.o
 .comment       0x000000000000002d       0x2e ./src/LwIP/memp.o
 .comment       0x000000000000002d       0x2e ./src/LwIP/netif.o
 .comment       0x000000000000002d       0x2e ./src/LwIP/pbuf.o
 .comment       0x000000000000002d       0x2e ./src/LwIP/raw.o
 .comment       0x000000000000002d       0x2e ./src/LwIP/tcp.o
 .comment       0x000000000000002d       0x2e ./src/LwIP/tcp_in.o
 .comment       0x000000000000002d       0x2e ./src/LwIP/tcp_out.o
 .comment       0x000000000000002d       0x2e ./src/LwIP/timers.o
 .comment       0x000000000000002d       0x2e ./src/LwIP/udp.o
 .comment       0x000000000000002d       0x2e ./src/ETH_Driver/stm32f4x7_eth.o
 .comment       0x000000000000002d       0x2e ./src/fs.o
 .comment       0x000000000000002d       0x2e ./src/fsdata.o
 .comment       0x000000000000002d       0x2e ./src/httpd.o
 .comment       0x000000000000002d       0x2e ./src/httpd_cgi_ssi.o
 .comment       0x000000000000002d       0x2e ./src/main.o
 .comment       0x000000000000002d       0x2e ./src/netconf.o
 .comment       0x000000000000002d       0x2e ./src/stm32f4x7_eth_bsp.o
 .comment       0x000000000000002d       0x2e ./src/stm32f4xx_it.o
 .comment       0x000000000000002d       0x2b /usr/lib/gcc/arm-none-eabi/4.8/../../../arm-none-eabi/lib/armv7e-m/libg.a(lib_a-memcmp.o)
                                         0x2c (size before relaxing)
 .comment       0x0000000000000058       0x2c /usr/lib/gcc/arm-none-eabi/4.8/../../../arm-none-eabi/lib/armv7e-m/libg.a(lib_a-memset.o)
 .comment       0x0000000000000058       0x2c /usr/lib/gcc/arm-none-eabi/4.8/../../../arm-none-eabi/lib/armv7e-m/libg.a(lib_a-strchr.o)
 .comment       0x0000000000000058       0x2c /usr/lib/gcc/arm-none-eabi/4.8/../../../arm-none-eabi/lib/armv7e-m/libg.a(lib_a-strlen.o)
 .comment       0x0000000000000058       0x2c /usr/lib/gcc/arm-none-eabi/4.8/../../../arm-none-eabi/lib/armv7e-m/libg.a(lib_a-strncmp.o)
 .comment       0x0000000000000058       0x2c /usr/lib/gcc/arm-none-eabi/4.8/../../../arm-none-eabi/lib/armv7e-m/libg.a(lib_a-strstr.o)
 .comment       0x0000000000000058       0x2c /usr/lib/gcc/arm-none-eabi/4.8/../../../arm-none-eabi/lib/armv7e-m/libg.a(lib_a-memchr-stub.o)

.ARM.attributes
                0x0000000000000000       0x31
 .ARM.attributes
                0x0000000000000000       0x33 ./system/src/stm32f4/misc.o
 .ARM.attributes
                0x0000000000000033       0x33 ./system/src/stm32f4/stm32f4xx_exti.o
 .ARM.attributes
                0x0000000000000066       0x33 ./system/src/stm32f4/stm32f4xx_gpio.o
 .ARM.attributes
                0x0000000000000099       0x33 ./system/src/stm32f4/stm32f4xx_rcc.o
 .ARM.attributes
                0x00000000000000cc       0x33 ./system/src/stm32f4/stm32f4xx_syscfg.o
 .ARM.attributes
                0x00000000000000ff       0x33 ./system/src/stm32f4/stm32f4xx_tim.o
 .ARM.attributes
                0x0000000000000132       0x33 ./system/src/stm32f4/stm32f4xx_usart.o
 .ARM.attributes
                0x0000000000000165       0x33 ./system/src/newlib/_exit.o
 .ARM.attributes
                0x0000000000000198       0x33 ./system/src/newlib/_startup.o
 .ARM.attributes
                0x00000000000001cb       0x33 ./system/src/newlib/_syscalls.o
 .ARM.attributes
                0x00000000000001fe       0x33 ./system/src/cortexm/_initialize_hardware.o
 .ARM.attributes
                0x0000000000000231       0x33 ./system/src/cortexm/_reset_hardware.o
 .ARM.attributes
                0x0000000000000264       0x33 ./system/src/cortexm/exception_handlers.o
 .ARM.attributes
                0x0000000000000297       0x33 ./system/src/cmsis/system_stm32f4xx.o
 .ARM.attributes
                0x00000000000002ca       0x33 ./system/src/cmsis/vectors_stm32f4xx.o
 .ARM.attributes
                0x00000000000002fd       0x33 ./src/port/portevent.o
 .ARM.attributes
                0x0000000000000330       0x33 ./src/port/portserial.o
 .ARM.attributes
                0x0000000000000363       0x33 ./src/port/porttcp.o
 .ARM.attributes
                0x0000000000000396       0x33 ./src/port/porttimer.o
 .ARM.attributes
                0x00000000000003c9       0x33 ./src/Modbus/mb.o
 .ARM.attributes
                0x00000000000003fc       0x33 ./src/Modbus/mbcrc.o
 .ARM.attributes
                0x000000000000042f       0x33 ./src/Modbus/mbfunccoils.o
 .ARM.attributes
                0x0000000000000462       0x33 ./src/Modbus/mbfuncdisc.o
 .ARM.attributes
                0x0000000000000495       0x33 ./src/Modbus/mbfuncholding.o
 .ARM.attributes
                0x00000000000004c8       0x33 ./src/Modbus/mbfuncinput.o
 .ARM.attributes
                0x00000000000004fb       0x33 ./src/Modbus/mbfuncother.o
 .ARM.attributes
                0x000000000000052e       0x33 ./src/Modbus/mbrtu.o
 .ARM.attributes
                0x0000000000000561       0x33 ./src/Modbus/mbtcp.o
 .ARM.attributes
                0x0000000000000594       0x33 ./src/Modbus/mbutils.o
 .ARM.attributes
                0x00000000000005c7       0x33 ./src/LwIP/def.o
 .ARM.attributes
                0x00000000000005fa       0x33 ./src/LwIP/dhcp.o
 .ARM.attributes
                0x000000000000062d       0x33 ./src/LwIP/etharp.o
 .ARM.attributes
                0x0000000000000660       0x33 ./src/LwIP/ethernetif.o
 .ARM.attributes
                0x0000000000000693       0x33 ./src/LwIP/icmp.o
 .ARM.attributes
                0x00000000000006c6       0x33 ./src/LwIP/inet_chksum.o
 .ARM.attributes
                0x00000000000006f9       0x33 ./src/LwIP/ip.o
 .ARM.attributes
                0x000000000000072c       0x33 ./src/LwIP/ip_addr.o
 .ARM.attributes
                0x000000000000075f       0x33 ./src/LwIP/ip_frag.o
 .ARM.attributes
                0x0000000000000792       0x33 ./src/LwIP/mem.o
 .ARM.attributes
                0x00000000000007c5       0x33 ./src/LwIP/memp.o
 .ARM.attributes
                0x00000000000007f8       0x33 ./src/LwIP/netif.o
 .ARM.attributes
                0x000000000000082b       0x33 ./src/LwIP/pbuf.o
 .ARM.attributes
                0x000000000000085e       0x33 ./src/LwIP/raw.o
 .ARM.attributes
                0x0000000000000891       0x33 ./src/LwIP/tcp.o
 .ARM.attributes
                0x00000000000008c4       0x33 ./src/LwIP/tcp_in.o
 .ARM.attributes
                0x00000000000008f7       0x33 ./src/LwIP/tcp_out.o
 .ARM.attributes
                0x000000000000092a       0x33 ./src/LwIP/timers.o
 .ARM.attributes
                0x000000000000095d       0x33 ./src/LwIP/udp.o
 .ARM.attributes
                0x0000000000000990       0x33 ./src/ETH_Driver/stm32f4x7_eth.o
 .ARM.attributes
                0x00000000000009c3       0x33 ./src/fs.o
 .ARM.attributes
                0x00000000000009f6       0x33 ./src/fsdata.o
 .ARM.attributes
                0x0000000000000a29       0x33 ./src/httpd.o
 .ARM.attributes
                0x0000000000000a5c       0x33 ./src/httpd_cgi_ssi.o
 .ARM.attributes
                0x0000000000000a8f       0x33 ./src/main.o
 .ARM.attributes
                0x0000000000000ac2       0x33 ./src/netconf.o
 .ARM.attributes
                0x0000000000000af5       0x33 ./src/stm32f4x7_eth_bsp.o
 .ARM.attributes
                0x0000000000000b28       0x33 ./src/stm32f4xx_it.o
 .ARM.attributes
                0x0000000000000b5b       0x2e /usr/lib/gcc/arm-none-eabi/4.8/../../../arm-none-eabi/lib/armv7e-m/libg.a(lib_a-memcmp.o)
 .ARM.attributes
                0x0000000000000b89       0x1c /usr/lib/gcc/arm-none-eabi/4.8/../../../arm-none-eabi/lib/armv7e-m/libg.a(lib_a-memcpy.o)
 .ARM.attributes
                0x0000000000000ba5       0x2e /usr/lib/gcc/arm-none-eabi/4.8/../../../arm-none-eabi/lib/armv7e-m/libg.a(lib_a-memset.o)
 .ARM.attributes
                0x0000000000000bd3       0x2e /usr/lib/gcc/arm-none-eabi/4.8/../../../arm-none-eabi/lib/armv7e-m/libg.a(lib_a-strchr.o)
 .ARM.attributes
                0x0000000000000c01       0x1c /usr/lib/gcc/arm-none-eabi/4.8/../../../arm-none-eabi/lib/armv7e-m/libg.a(lib_a-strcmp.o)
 .ARM.attributes
                0x0000000000000c1d       0x2e /usr/lib/gcc/arm-none-eabi/4.8/../../../arm-none-eabi/lib/armv7e-m/libg.a(lib_a-strlen.o)
 .ARM.attributes
                0x0000000000000c4b       0x2e /usr/lib/gcc/arm-none-eabi/4.8/../../../arm-none-eabi/lib/armv7e-m/libg.a(lib_a-strncmp.o)
 .ARM.attributes
                0x0000000000000c79       0x2e /usr/lib/gcc/arm-none-eabi/4.8/../../../arm-none-eabi/lib/armv7e-m/libg.a(lib_a-strstr.o)
 .ARM.attributes
                0x0000000000000ca7       0x2e /usr/lib/gcc/arm-none-eabi/4.8/../../../arm-none-eabi/lib/armv7e-m/libg.a(lib_a-memchr-stub.o)

.debug
 *(.debug)

.line
 *(.line)

.debug_srcinfo
 *(.debug_srcinfo)

.debug_sfnames
 *(.debug_sfnames)

.debug_aranges  0x0000000000000000     0x1948
 *(.debug_aranges)
 .debug_aranges
                0x0000000000000000       0x40 ./system/src/stm32f4/misc.o
 .debug_aranges
                0x0000000000000040       0x58 ./system/src/stm32f4/stm32f4xx_exti.o
 .debug_aranges
                0x0000000000000098       0x88 ./system/src/stm32f4/stm32f4xx_gpio.o
 .debug_aranges
                0x0000000000000120      0x1c0 ./system/src/stm32f4/stm32f4xx_rcc.o
 .debug_aranges
                0x00000000000002e0       0x50 ./system/src/stm32f4/stm32f4xx_syscfg.o
 .debug_aranges
                0x0000000000000330      0x2e8 ./system/src/stm32f4/stm32f4xx_tim.o
 .debug_aranges
                0x0000000000000618      0x100 ./system/src/stm32f4/stm32f4xx_usart.o
 .debug_aranges
                0x0000000000000718       0x28 ./system/src/newlib/_exit.o
 .debug_aranges
                0x0000000000000740       0x40 ./system/src/newlib/_startup.o
 .debug_aranges
                0x0000000000000780       0x30 ./system/src/newlib/_syscalls.o
 .debug_aranges
                0x00000000000007b0       0x28 ./system/src/cortexm/_initialize_hardware.o
 .debug_aranges
                0x00000000000007d8       0x20 ./system/src/cortexm/_reset_hardware.o
 .debug_aranges
                0x00000000000007f8       0x88 ./system/src/cortexm/exception_handlers.o
 .debug_aranges
                0x0000000000000880       0x28 ./system/src/cmsis/system_stm32f4xx.o
 .debug_aranges
                0x00000000000008a8       0x20 ./system/src/cmsis/vectors_stm32f4xx.o
 .debug_aranges
                0x00000000000008c8       0x30 ./src/port/portevent.o
 .debug_aranges
                0x00000000000008f8       0x40 ./src/port/portserial.o
 .debug_aranges
                0x0000000000000938       0x60 ./src/port/porttcp.o
 .debug_aranges
                0x0000000000000998       0x38 ./src/port/porttimer.o
 .debug_aranges
                0x00000000000009d0       0x50 ./src/Modbus/mb.o
 .debug_aranges
                0x0000000000000a20       0x20 ./src/Modbus/mbcrc.o
 .debug_aranges
                0x0000000000000a40       0x30 ./src/Modbus/mbfunccoils.o
 .debug_aranges
                0x0000000000000a70       0x20 ./src/Modbus/mbfuncdisc.o
 .debug_aranges
                0x0000000000000a90       0x38 ./src/Modbus/mbfuncholding.o
 .debug_aranges
                0x0000000000000ac8       0x20 ./src/Modbus/mbfuncinput.o
 .debug_aranges
                0x0000000000000ae8       0x28 ./src/Modbus/mbfuncother.o
 .debug_aranges
                0x0000000000000b10       0x58 ./src/Modbus/mbrtu.o
 .debug_aranges
                0x0000000000000b68       0x40 ./src/Modbus/mbtcp.o
 .debug_aranges
                0x0000000000000ba8       0x30 ./src/Modbus/mbutils.o
 .debug_aranges
                0x0000000000000bd8       0x38 ./src/LwIP/def.o
 .debug_aranges
                0x0000000000000c10       0xe8 ./src/LwIP/dhcp.o
 .debug_aranges
                0x0000000000000cf8       0x70 ./src/LwIP/etharp.o
 .debug_aranges
                0x0000000000000d68       0x30 ./src/LwIP/ethernetif.o
 .debug_aranges
                0x0000000000000d98       0x38 ./src/LwIP/icmp.o
 .debug_aranges
                0x0000000000000dd0       0x40 ./src/LwIP/inet_chksum.o
 .debug_aranges
                0x0000000000000e10       0x38 ./src/LwIP/ip.o
 .debug_aranges
                0x0000000000000e48       0x48 ./src/LwIP/ip_addr.o
 .debug_aranges
                0x0000000000000e90       0x48 ./src/LwIP/ip_frag.o
 .debug_aranges
                0x0000000000000ed8       0x40 ./src/LwIP/mem.o
 .debug_aranges
                0x0000000000000f18       0x30 ./src/LwIP/memp.o
 .debug_aranges
                0x0000000000000f48       0x88 ./src/LwIP/netif.o
 .debug_aranges
                0x0000000000000fd0       0xa8 ./src/LwIP/pbuf.o
 .debug_aranges
                0x0000000000001078       0x58 ./src/LwIP/raw.o
 .debug_aranges
                0x00000000000010d0      0x128 ./src/LwIP/tcp.o
 .debug_aranges
                0x00000000000011f8       0x30 ./src/LwIP/tcp_in.o
 .debug_aranges
                0x0000000000001228       0x88 ./src/LwIP/tcp_out.o
 .debug_aranges
                0x00000000000012b0       0x20 ./src/LwIP/timers.o
 .debug_aranges
                0x00000000000012d0       0x70 ./src/LwIP/udp.o
 .debug_aranges
                0x0000000000001340      0x2b8 ./src/ETH_Driver/stm32f4x7_eth.o
 .debug_aranges
                0x00000000000015f8       0x38 ./src/fs.o
 .debug_aranges
                0x0000000000001630       0x18 ./src/fsdata.o
 .debug_aranges
                0x0000000000001648       0x88 ./src/httpd.o
 .debug_aranges
                0x00000000000016d0       0x30 ./src/httpd_cgi_ssi.o
 .debug_aranges
                0x0000000000001700       0x50 ./src/main.o
 .debug_aranges
                0x0000000000001750       0x30 ./src/netconf.o
 .debug_aranges
                0x0000000000001780       0x40 ./src/stm32f4x7_eth_bsp.o
 .debug_aranges